Archive member included to satisfy reference by file (symbol)

c:/progra~2/gnuarm~1/102021~1.10/bin/../lib/gcc/arm-none-eabi/10.3.1\libgcc.a(unwind-arm.o)
                              src/CMakeFiles/imit_flame.elf.dir/hardware_config.cpp.obj (__aeabi_unwind_cpp_pr1)
c:/progra~2/gnuarm~1/102021~1.10/bin/../lib/gcc/arm-none-eabi/10.3.1\libgcc.a(libunwind.o)
                              c:/progra~2/gnuarm~1/102021~1.10/bin/../lib/gcc/arm-none-eabi/10.3.1\libgcc.a(unwind-arm.o) (restore_core_regs)
c:/progra~2/gnuarm~1/102021~1.10/bin/../lib/gcc/arm-none-eabi/10.3.1\libgcc.a(pr-support.o)
                              c:/progra~2/gnuarm~1/102021~1.10/bin/../lib/gcc/arm-none-eabi/10.3.1\libgcc.a(unwind-arm.o) (__gnu_unwind_execute)
c:/progra~2/gnuarm~1/102021~1.10/bin/../lib/gcc/arm-none-eabi/10.3.1/../../../../arm-none-eabi/lib\libg.a(lib_a-abort.o)
                              c:/progra~2/gnuarm~1/102021~1.10/bin/../lib/gcc/arm-none-eabi/10.3.1\libgcc.a(unwind-arm.o) (abort)
c:/progra~2/gnuarm~1/102021~1.10/bin/../lib/gcc/arm-none-eabi/10.3.1/../../../../arm-none-eabi/lib\libg.a(lib_a-errno.o)
                              src/CMakeFiles/imit_flame.elf.dir/CMSIS/Core/Src/syscalls.c.obj (__errno)
c:/progra~2/gnuarm~1/102021~1.10/bin/../lib/gcc/arm-none-eabi/10.3.1/../../../../arm-none-eabi/lib\libg.a(lib_a-exit.o)
                              c:/progra~2/gnuarm~1/102021~1.10/bin/../lib/gcc/arm-none-eabi/10.3.1/../../../../arm-none-eabi/lib/crt0.o (exit)
c:/progra~2/gnuarm~1/102021~1.10/bin/../lib/gcc/arm-none-eabi/10.3.1/../../../../arm-none-eabi/lib\libg.a(lib_a-impure.o)
                              c:/progra~2/gnuarm~1/102021~1.10/bin/../lib/gcc/arm-none-eabi/10.3.1/../../../../arm-none-eabi/lib\libg.a(lib_a-exit.o) (_global_impure_ptr)
c:/progra~2/gnuarm~1/102021~1.10/bin/../lib/gcc/arm-none-eabi/10.3.1/../../../../arm-none-eabi/lib\libg.a(lib_a-init.o)
                              c:/progra~2/gnuarm~1/102021~1.10/bin/../lib/gcc/arm-none-eabi/10.3.1/../../../../arm-none-eabi/lib/crt0.o (__libc_init_array)
c:/progra~2/gnuarm~1/102021~1.10/bin/../lib/gcc/arm-none-eabi/10.3.1/../../../../arm-none-eabi/lib\libg.a(lib_a-memcpy-stub.o)
                              c:/progra~2/gnuarm~1/102021~1.10/bin/../lib/gcc/arm-none-eabi/10.3.1\libgcc.a(unwind-arm.o) (memcpy)
c:/progra~2/gnuarm~1/102021~1.10/bin/../lib/gcc/arm-none-eabi/10.3.1/../../../../arm-none-eabi/lib\libg.a(lib_a-memset.o)
                              c:/progra~2/gnuarm~1/102021~1.10/bin/../lib/gcc/arm-none-eabi/10.3.1/../../../../arm-none-eabi/lib/crt0.o (memset)
c:/progra~2/gnuarm~1/102021~1.10/bin/../lib/gcc/arm-none-eabi/10.3.1/../../../../arm-none-eabi/lib\libg.a(lib_a-signal.o)
                              c:/progra~2/gnuarm~1/102021~1.10/bin/../lib/gcc/arm-none-eabi/10.3.1/../../../../arm-none-eabi/lib\libg.a(lib_a-abort.o) (raise)
c:/progra~2/gnuarm~1/102021~1.10/bin/../lib/gcc/arm-none-eabi/10.3.1/../../../../arm-none-eabi/lib\libg.a(lib_a-signalr.o)
                              c:/progra~2/gnuarm~1/102021~1.10/bin/../lib/gcc/arm-none-eabi/10.3.1/../../../../arm-none-eabi/lib\libg.a(lib_a-signal.o) (_kill_r)
c:/progra~2/gnuarm~1/102021~1.10/bin/../lib/gcc/arm-none-eabi/10.3.1/../../../../arm-none-eabi/lib\libg.a(lib_a-__call_atexit.o)
                              c:/progra~2/gnuarm~1/102021~1.10/bin/../lib/gcc/arm-none-eabi/10.3.1/../../../../arm-none-eabi/lib\libg.a(lib_a-exit.o) (__call_exitprocs)
c:/progra~2/gnuarm~1/102021~1.10/bin/../lib/gcc/arm-none-eabi/10.3.1/../../../../arm-none-eabi/lib\libg.a(lib_a-atexit.o)
                              c:/progra~2/gnuarm~1/102021~1.10/bin/../lib/gcc/arm-none-eabi/10.3.1/../../../../arm-none-eabi/lib\libg.a(lib_a-__call_atexit.o) (atexit)
c:/progra~2/gnuarm~1/102021~1.10/bin/../lib/gcc/arm-none-eabi/10.3.1/../../../../arm-none-eabi/lib\libg.a(lib_a-fini.o)
                              c:/progra~2/gnuarm~1/102021~1.10/bin/../lib/gcc/arm-none-eabi/10.3.1/../../../../arm-none-eabi/lib\libg.a(lib_a-__call_atexit.o) (__libc_fini_array)
c:/progra~2/gnuarm~1/102021~1.10/bin/../lib/gcc/arm-none-eabi/10.3.1/../../../../arm-none-eabi/lib\libg.a(lib_a-lock.o)
                              c:/progra~2/gnuarm~1/102021~1.10/bin/../lib/gcc/arm-none-eabi/10.3.1/../../../../arm-none-eabi/lib\libg.a(lib_a-__call_atexit.o) (__retarget_lock_acquire_recursive)
c:/progra~2/gnuarm~1/102021~1.10/bin/../lib/gcc/arm-none-eabi/10.3.1/../../../../arm-none-eabi/lib\libg.a(lib_a-mallocr.o)
                              c:/progra~2/gnuarm~1/102021~1.10/bin/../lib/gcc/arm-none-eabi/10.3.1/../../../../arm-none-eabi/lib\libg.a(lib_a-signal.o) (_malloc_r)
c:/progra~2/gnuarm~1/102021~1.10/bin/../lib/gcc/arm-none-eabi/10.3.1/../../../../arm-none-eabi/lib\libg.a(lib_a-mlock.o)
                              c:/progra~2/gnuarm~1/102021~1.10/bin/../lib/gcc/arm-none-eabi/10.3.1/../../../../arm-none-eabi/lib\libg.a(lib_a-mallocr.o) (__malloc_lock)
c:/progra~2/gnuarm~1/102021~1.10/bin/../lib/gcc/arm-none-eabi/10.3.1/../../../../arm-none-eabi/lib\libg.a(lib_a-reent.o)
                              c:/progra~2/gnuarm~1/102021~1.10/bin/../lib/gcc/arm-none-eabi/10.3.1/../../../../arm-none-eabi/lib\libg.a(lib_a-signalr.o) (errno)
c:/progra~2/gnuarm~1/102021~1.10/bin/../lib/gcc/arm-none-eabi/10.3.1/../../../../arm-none-eabi/lib\libg.a(lib_a-sbrkr.o)
                              c:/progra~2/gnuarm~1/102021~1.10/bin/../lib/gcc/arm-none-eabi/10.3.1/../../../../arm-none-eabi/lib\libg.a(lib_a-mallocr.o) (_sbrk_r)
c:/progra~2/gnuarm~1/102021~1.10/bin/../lib/gcc/arm-none-eabi/10.3.1/../../../../arm-none-eabi/lib\libg.a(lib_a-__atexit.o)
                              c:/progra~2/gnuarm~1/102021~1.10/bin/../lib/gcc/arm-none-eabi/10.3.1/../../../../arm-none-eabi/lib\libg.a(lib_a-atexit.o) (__register_exitproc)
c:/progra~2/gnuarm~1/102021~1.10/bin/../lib/gcc/arm-none-eabi/10.3.1/../../../../arm-none-eabi/lib\libg.a(lib_a-freer.o)
                              c:/progra~2/gnuarm~1/102021~1.10/bin/../lib/gcc/arm-none-eabi/10.3.1/../../../../arm-none-eabi/lib\libg.a(lib_a-mallocr.o) (_free_r)

Memory Configuration

Name             Origin             Length             Attributes
RAM              0x20000000         0x00005000         xrw
FLASH            0x08000000         0x00010000         xr
*default*        0x00000000         0xffffffff

Linker script and memory map

LOAD c:/progra~2/gnuarm~1/102021~1.10/bin/../lib/gcc/arm-none-eabi/10.3.1/crti.o
LOAD c:/progra~2/gnuarm~1/102021~1.10/bin/../lib/gcc/arm-none-eabi/10.3.1/crtbegin.o
LOAD c:/progra~2/gnuarm~1/102021~1.10/bin/../lib/gcc/arm-none-eabi/10.3.1/../../../../arm-none-eabi/lib/crt0.o
LOAD src/CMakeFiles/imit_flame.elf.dir/gpio.cpp.obj
LOAD src/CMakeFiles/imit_flame.elf.dir/delay.cpp.obj
LOAD src/CMakeFiles/imit_flame.elf.dir/hardware_config.cpp.obj
LOAD src/CMakeFiles/imit_flame.elf.dir/main.cpp.obj
LOAD src/CMakeFiles/imit_flame.elf.dir/CMSIS/Core/Src/syscalls.c.obj
LOAD src/CMakeFiles/imit_flame.elf.dir/CMSIS/Core/Src/sysmem.c.obj
LOAD src/CMakeFiles/imit_flame.elf.dir/CMSIS/Core/Src/system_stm32f1xx.c.obj
LOAD src/CMakeFiles/imit_flame.elf.dir/CMSIS/Core/Startup/startup_stm32f103xb.s.obj
LOAD src/CMSIS/libcmsis.a
LOAD c:/progra~2/gnuarm~1/102021~1.10/bin/../lib/gcc/arm-none-eabi/10.3.1/../../../../arm-none-eabi/lib\libstdc++.a
LOAD c:/progra~2/gnuarm~1/102021~1.10/bin/../lib/gcc/arm-none-eabi/10.3.1/../../../../arm-none-eabi/lib\libm.a
START GROUP
LOAD c:/progra~2/gnuarm~1/102021~1.10/bin/../lib/gcc/arm-none-eabi/10.3.1\libgcc.a
LOAD c:/progra~2/gnuarm~1/102021~1.10/bin/../lib/gcc/arm-none-eabi/10.3.1/../../../../arm-none-eabi/lib\libg.a
LOAD c:/progra~2/gnuarm~1/102021~1.10/bin/../lib/gcc/arm-none-eabi/10.3.1/../../../../arm-none-eabi/lib\libc.a
END GROUP
LOAD c:/progra~2/gnuarm~1/102021~1.10/bin/../lib/gcc/arm-none-eabi/10.3.1/crtend.o
LOAD c:/progra~2/gnuarm~1/102021~1.10/bin/../lib/gcc/arm-none-eabi/10.3.1/crtn.o
                0x20005000                _estack = 0x20005000
                0x00000200                _Min_Heap_Size = 0x200
                0x00000400                _Min_Stack_Size = 0x400

.isr_vector     0x08000000      0x10c
                0x08000000                . = ALIGN (0x4)
 *(.isr_vector)
 .isr_vector    0x08000000      0x10c src/CMakeFiles/imit_flame.elf.dir/CMSIS/Core/Startup/startup_stm32f103xb.s.obj
                0x08000000                g_pfnVectors
                0x0800010c                . = ALIGN (0x4)

.text           0x0800010c     0x3d7c
                0x0800010c                . = ALIGN (0x4)
 *(.text)
 .text          0x0800010c        0x0 c:/progra~2/gnuarm~1/102021~1.10/bin/../lib/gcc/arm-none-eabi/10.3.1/crti.o
 .text          0x0800010c       0x70 c:/progra~2/gnuarm~1/102021~1.10/bin/../lib/gcc/arm-none-eabi/10.3.1/crtbegin.o
 .text          0x0800017c      0x138 c:/progra~2/gnuarm~1/102021~1.10/bin/../lib/gcc/arm-none-eabi/10.3.1/../../../../arm-none-eabi/lib/crt0.o
                0x0800017c                _stack_init
                0x08000204                _start
                0x08000204                _mainCRTStartup
 .text          0x080002b4      0x27c src/CMakeFiles/imit_flame.elf.dir/gpio.cpp.obj
                0x080002b4                gpio::Set_pin_H(GPIO_TypeDef*, unsigned char)
                0x080002f8                gpio::Set_pin_L(GPIO_TypeDef*, unsigned char)
                0x08000340                gpio::gpio_conf(GPIO_TypeDef*, unsigned long, unsigned char)
                0x0800044c                gpio::set_pin_state(GPIO_TypeDef*, unsigned char, unsigned char)
                0x080004c8                gpio::get_state_pin(GPIO_TypeDef*, unsigned char)
 .text          0x08000530      0x178 src/CMakeFiles/imit_flame.elf.dir/delay.cpp.obj
                0x08000530                delay_us(unsigned long)
                0x080005e4                delay_ms(unsigned long)
 .text          0x080006a8      0x154 src/CMakeFiles/imit_flame.elf.dir/hardware_config.cpp.obj
                0x080006a8                gpio_init()
 .text          0x080007fc       0x34 src/CMakeFiles/imit_flame.elf.dir/main.cpp.obj
                0x080007fc                main
                0x0800080c                HardFault_Handler
 .text          0x08000830      0x39c src/CMakeFiles/imit_flame.elf.dir/CMSIS/Core/Src/syscalls.c.obj
                0x08000830                initialise_monitor_handles
                0x08000848                _getpid
                0x08000864                _kill
                0x0800089c                _exit
                0x080008bc                _read
                0x0800092c                _write
                0x08000998                _close
                0x080009bc                _fstat
                0x080009f0                _isatty
                0x08000a14                _lseek
                0x08000a40                _open
                0x08000a6c                _wait
                0x08000aa0                _unlink
                0x08000ad4                _times
                0x08000af8                _stat
                0x08000b2c                _link
                0x08000b64                _fork
                0x08000b90                _execve
 .text          0x08000bcc       0xc0 src/CMakeFiles/imit_flame.elf.dir/CMSIS/Core/Src/sysmem.c.obj
                0x08000bcc                _sbrk
 .text          0x08000c8c      0x1f0 src/CMakeFiles/imit_flame.elf.dir/CMSIS/Core/Src/system_stm32f1xx.c.obj
                0x08000c8c                SystemInit
                0x08000ca4                SystemCoreClockUpdate
 .text          0x08000e7c       0x14 src/CMakeFiles/imit_flame.elf.dir/CMSIS/Core/Startup/startup_stm32f103xb.s.obj
 .text          0x08000e90     0x102c c:/progra~2/gnuarm~1/102021~1.10/bin/../lib/gcc/arm-none-eabi/10.3.1\libgcc.a(unwind-arm.o)
                0x08001304                _Unwind_GetCFA
                0x0800130c                __gnu_Unwind_RaiseException
                0x080013b8                __gnu_Unwind_ForcedUnwind
                0x080013e0                __gnu_Unwind_Resume
                0x08001458                __gnu_Unwind_Resume_or_Rethrow
                0x08001474                _Unwind_Complete
                0x08001478                _Unwind_DeleteException
                0x08001490                _Unwind_VRS_Get
                0x0800151c                _Unwind_VRS_Set
                0x080015a8                __gnu_Unwind_Backtrace
                0x08001ab0                __aeabi_unwind_cpp_pr0
                0x08001ab8                __aeabi_unwind_cpp_pr1
                0x08001ac0                __aeabi_unwind_cpp_pr2
                0x08001ac8                _Unwind_VRS_Pop
 .text          0x08001ebc      0x1b0 c:/progra~2/gnuarm~1/102021~1.10/bin/../lib/gcc/arm-none-eabi/10.3.1\libgcc.a(libunwind.o)
                0x08001ebc                __restore_core_regs
                0x08001ebc                restore_core_regs
                0x08001ed8                __gnu_Unwind_Restore_VFP
                0x08001ee0                __gnu_Unwind_Save_VFP
                0x08001ee8                __gnu_Unwind_Restore_VFP_D
                0x08001ef0                __gnu_Unwind_Save_VFP_D
                0x08001ef8                __gnu_Unwind_Restore_VFP_D_16_to_31
                0x08001f00                __gnu_Unwind_Save_VFP_D_16_to_31
                0x08001f08                __gnu_Unwind_Restore_WMMXD
                0x08001f4c                __gnu_Unwind_Save_WMMXD
                0x08001f90                __gnu_Unwind_Restore_WMMXC
                0x08001fa4                __gnu_Unwind_Save_WMMXC
                0x08001fb8                ___Unwind_RaiseException
                0x08001fb8                _Unwind_RaiseException
                0x08001fdc                _Unwind_Resume
                0x08001fdc                ___Unwind_Resume
                0x08002000                _Unwind_Resume_or_Rethrow
                0x08002000                ___Unwind_Resume_or_Rethrow
                0x08002024                _Unwind_ForcedUnwind
                0x08002024                ___Unwind_ForcedUnwind
                0x08002048                ___Unwind_Backtrace
                0x08002048                _Unwind_Backtrace
 .text          0x0800206c      0x530 c:/progra~2/gnuarm~1/102021~1.10/bin/../lib/gcc/arm-none-eabi/10.3.1\libgcc.a(pr-support.o)
                0x08002100                __gnu_unwind_execute
                0x0800251c                __gnu_unwind_frame
                0x08002568                _Unwind_GetRegionStart
                0x0800257c                _Unwind_GetLanguageSpecificData
 .text          0x0800259c        0x0 c:/progra~2/gnuarm~1/102021~1.10/bin/../lib/gcc/arm-none-eabi/10.3.1/../../../../arm-none-eabi/lib\libg.a(lib_a-abort.o)
 .text          0x0800259c        0x0 c:/progra~2/gnuarm~1/102021~1.10/bin/../lib/gcc/arm-none-eabi/10.3.1/../../../../arm-none-eabi/lib\libg.a(lib_a-errno.o)
 .text          0x0800259c        0x0 c:/progra~2/gnuarm~1/102021~1.10/bin/../lib/gcc/arm-none-eabi/10.3.1/../../../../arm-none-eabi/lib\libg.a(lib_a-exit.o)
 .text          0x0800259c        0x0 c:/progra~2/gnuarm~1/102021~1.10/bin/../lib/gcc/arm-none-eabi/10.3.1/../../../../arm-none-eabi/lib\libg.a(lib_a-impure.o)
 .text          0x0800259c        0x0 c:/progra~2/gnuarm~1/102021~1.10/bin/../lib/gcc/arm-none-eabi/10.3.1/../../../../arm-none-eabi/lib\libg.a(lib_a-init.o)
 .text          0x0800259c        0x0 c:/progra~2/gnuarm~1/102021~1.10/bin/../lib/gcc/arm-none-eabi/10.3.1/../../../../arm-none-eabi/lib\libg.a(lib_a-memcpy-stub.o)
 .text          0x0800259c        0x0 c:/progra~2/gnuarm~1/102021~1.10/bin/../lib/gcc/arm-none-eabi/10.3.1/../../../../arm-none-eabi/lib\libg.a(lib_a-memset.o)
 .text          0x0800259c        0x0 c:/progra~2/gnuarm~1/102021~1.10/bin/../lib/gcc/arm-none-eabi/10.3.1/../../../../arm-none-eabi/lib\libg.a(lib_a-signal.o)
 .text          0x0800259c        0x0 c:/progra~2/gnuarm~1/102021~1.10/bin/../lib/gcc/arm-none-eabi/10.3.1/../../../../arm-none-eabi/lib\libg.a(lib_a-signalr.o)
 .text          0x0800259c        0x0 c:/progra~2/gnuarm~1/102021~1.10/bin/../lib/gcc/arm-none-eabi/10.3.1/../../../../arm-none-eabi/lib\libg.a(lib_a-__call_atexit.o)
 .text          0x0800259c        0x0 c:/progra~2/gnuarm~1/102021~1.10/bin/../lib/gcc/arm-none-eabi/10.3.1/../../../../arm-none-eabi/lib\libg.a(lib_a-atexit.o)
 .text          0x0800259c        0x0 c:/progra~2/gnuarm~1/102021~1.10/bin/../lib/gcc/arm-none-eabi/10.3.1/../../../../arm-none-eabi/lib\libg.a(lib_a-fini.o)
 .text          0x0800259c        0x0 c:/progra~2/gnuarm~1/102021~1.10/bin/../lib/gcc/arm-none-eabi/10.3.1/../../../../arm-none-eabi/lib\libg.a(lib_a-lock.o)
 .text          0x0800259c        0x0 c:/progra~2/gnuarm~1/102021~1.10/bin/../lib/gcc/arm-none-eabi/10.3.1/../../../../arm-none-eabi/lib\libg.a(lib_a-mallocr.o)
 .text          0x0800259c        0x0 c:/progra~2/gnuarm~1/102021~1.10/bin/../lib/gcc/arm-none-eabi/10.3.1/../../../../arm-none-eabi/lib\libg.a(lib_a-mlock.o)
 .text          0x0800259c        0x0 c:/progra~2/gnuarm~1/102021~1.10/bin/../lib/gcc/arm-none-eabi/10.3.1/../../../../arm-none-eabi/lib\libg.a(lib_a-reent.o)
 .text          0x0800259c        0x0 c:/progra~2/gnuarm~1/102021~1.10/bin/../lib/gcc/arm-none-eabi/10.3.1/../../../../arm-none-eabi/lib\libg.a(lib_a-sbrkr.o)
 .text          0x0800259c        0x0 c:/progra~2/gnuarm~1/102021~1.10/bin/../lib/gcc/arm-none-eabi/10.3.1/../../../../arm-none-eabi/lib\libg.a(lib_a-__atexit.o)
 .text          0x0800259c        0x0 c:/progra~2/gnuarm~1/102021~1.10/bin/../lib/gcc/arm-none-eabi/10.3.1/../../../../arm-none-eabi/lib\libg.a(lib_a-freer.o)
 .text          0x0800259c        0x0 c:/progra~2/gnuarm~1/102021~1.10/bin/../lib/gcc/arm-none-eabi/10.3.1/crtend.o
 .text          0x0800259c        0x0 c:/progra~2/gnuarm~1/102021~1.10/bin/../lib/gcc/arm-none-eabi/10.3.1/crtn.o
 *(.text*)
 .text.Reset_Handler
                0x0800259c       0x48 src/CMakeFiles/imit_flame.elf.dir/CMSIS/Core/Startup/startup_stm32f103xb.s.obj
                0x0800259c                Reset_Handler
 .text.Default_Handler
                0x080025e4        0x2 src/CMakeFiles/imit_flame.elf.dir/CMSIS/Core/Startup/startup_stm32f103xb.s.obj
                0x080025e4                RTC_Alarm_IRQHandler
                0x080025e4                EXTI2_IRQHandler
                0x080025e4                DebugMon_Handler
                0x080025e4                TIM1_CC_IRQHandler
                0x080025e4                SysTick_Handler
                0x080025e4                PVD_IRQHandler
                0x080025e4                PendSV_Handler
                0x080025e4                NMI_Handler
                0x080025e4                EXTI3_IRQHandler
                0x080025e4                EXTI0_IRQHandler
                0x080025e4                I2C2_EV_IRQHandler
                0x080025e4                UsageFault_Handler
                0x080025e4                ADC1_2_IRQHandler
                0x080025e4                SPI1_IRQHandler
                0x080025e4                TAMPER_IRQHandler
                0x080025e4                DMA1_Channel4_IRQHandler
                0x080025e4                USART3_IRQHandler
                0x080025e4                RTC_IRQHandler
                0x080025e4                DMA1_Channel7_IRQHandler
                0x080025e4                CAN1_RX1_IRQHandler
                0x080025e4                TIM4_IRQHandler
                0x080025e4                I2C1_EV_IRQHandler
                0x080025e4                DMA1_Channel6_IRQHandler
                0x080025e4                TIM3_IRQHandler
                0x080025e4                RCC_IRQHandler
                0x080025e4                TIM1_TRG_COM_IRQHandler
                0x080025e4                DMA1_Channel1_IRQHandler
                0x080025e4                Default_Handler
                0x080025e4                EXTI15_10_IRQHandler
                0x080025e4                EXTI9_5_IRQHandler
                0x080025e4                SPI2_IRQHandler
                0x080025e4                MemManage_Handler
                0x080025e4                SVC_Handler
                0x080025e4                DMA1_Channel5_IRQHandler
                0x080025e4                EXTI4_IRQHandler
                0x080025e4                USB_LP_CAN1_RX0_IRQHandler
                0x080025e4                USB_HP_CAN1_TX_IRQHandler
                0x080025e4                DMA1_Channel3_IRQHandler
                0x080025e4                TIM1_UP_IRQHandler
                0x080025e4                WWDG_IRQHandler
                0x080025e4                TIM2_IRQHandler
                0x080025e4                TIM1_BRK_IRQHandler
                0x080025e4                EXTI1_IRQHandler
                0x080025e4                USART2_IRQHandler
                0x080025e4                I2C2_ER_IRQHandler
                0x080025e4                DMA1_Channel2_IRQHandler
                0x080025e4                CAN1_SCE_IRQHandler
                0x080025e4                FLASH_IRQHandler
                0x080025e4                BusFault_Handler
                0x080025e4                USART1_IRQHandler
                0x080025e4                I2C1_ER_IRQHandler
                0x080025e4                USBWakeUp_IRQHandler
 *fill*         0x080025e6        0x2 
 .text.unlikely
                0x080025e8       0x10 c:/progra~2/gnuarm~1/102021~1.10/bin/../lib/gcc/arm-none-eabi/10.3.1\libgcc.a(pr-support.o)
                0x080025e8                _Unwind_GetDataRelBase
                0x080025f0                _Unwind_GetTextRelBase
 .text.abort    0x080025f8       0x14 c:/progra~2/gnuarm~1/102021~1.10/bin/../lib/gcc/arm-none-eabi/10.3.1/../../../../arm-none-eabi/lib\libg.a(lib_a-abort.o)
                0x080025f8                abort
 .text.__errno  0x0800260c       0x10 c:/progra~2/gnuarm~1/102021~1.10/bin/../lib/gcc/arm-none-eabi/10.3.1/../../../../arm-none-eabi/lib\libg.a(lib_a-errno.o)
                0x0800260c                __errno
 .text.exit     0x0800261c       0x34 c:/progra~2/gnuarm~1/102021~1.10/bin/../lib/gcc/arm-none-eabi/10.3.1/../../../../arm-none-eabi/lib\libg.a(lib_a-exit.o)
                0x0800261c                exit
 .text.__libc_init_array
                0x08002650       0x88 c:/progra~2/gnuarm~1/102021~1.10/bin/../lib/gcc/arm-none-eabi/10.3.1/../../../../arm-none-eabi/lib\libg.a(lib_a-init.o)
                0x08002650                __libc_init_array
 .text.memcpy   0x080026d8      0x120 c:/progra~2/gnuarm~1/102021~1.10/bin/../lib/gcc/arm-none-eabi/10.3.1/../../../../arm-none-eabi/lib\libg.a(lib_a-memcpy-stub.o)
                0x080026d8                memcpy
 .text.memset   0x080027f8      0x11c c:/progra~2/gnuarm~1/102021~1.10/bin/../lib/gcc/arm-none-eabi/10.3.1/../../../../arm-none-eabi/lib\libg.a(lib_a-memset.o)
                0x080027f8                memset
 .text._init_signal_r
                0x08002914       0x54 c:/progra~2/gnuarm~1/102021~1.10/bin/../lib/gcc/arm-none-eabi/10.3.1/../../../../arm-none-eabi/lib\libg.a(lib_a-signal.o)
                0x08002914                _init_signal_r
 .text._signal_r
                0x08002968       0x7c c:/progra~2/gnuarm~1/102021~1.10/bin/../lib/gcc/arm-none-eabi/10.3.1/../../../../arm-none-eabi/lib\libg.a(lib_a-signal.o)
                0x08002968                _signal_r
 .text._raise_r
                0x080029e4       0x98 c:/progra~2/gnuarm~1/102021~1.10/bin/../lib/gcc/arm-none-eabi/10.3.1/../../../../arm-none-eabi/lib\libg.a(lib_a-signal.o)
                0x080029e4                _raise_r
 .text.__sigtramp_r
                0x08002a7c       0xb4 c:/progra~2/gnuarm~1/102021~1.10/bin/../lib/gcc/arm-none-eabi/10.3.1/../../../../arm-none-eabi/lib\libg.a(lib_a-signal.o)
                0x08002a7c                __sigtramp_r
 .text.raise    0x08002b30       0x9c c:/progra~2/gnuarm~1/102021~1.10/bin/../lib/gcc/arm-none-eabi/10.3.1/../../../../arm-none-eabi/lib\libg.a(lib_a-signal.o)
                0x08002b30                raise
 .text.signal   0x08002bcc       0x88 c:/progra~2/gnuarm~1/102021~1.10/bin/../lib/gcc/arm-none-eabi/10.3.1/../../../../arm-none-eabi/lib\libg.a(lib_a-signal.o)
                0x08002bcc                signal
 .text._init_signal
                0x08002c54       0x60 c:/progra~2/gnuarm~1/102021~1.10/bin/../lib/gcc/arm-none-eabi/10.3.1/../../../../arm-none-eabi/lib\libg.a(lib_a-signal.o)
                0x08002c54                _init_signal
 .text.__sigtramp
                0x08002cb4       0xb8 c:/progra~2/gnuarm~1/102021~1.10/bin/../lib/gcc/arm-none-eabi/10.3.1/../../../../arm-none-eabi/lib\libg.a(lib_a-signal.o)
                0x08002cb4                __sigtramp
 .text._kill_r  0x08002d6c       0x40 c:/progra~2/gnuarm~1/102021~1.10/bin/../lib/gcc/arm-none-eabi/10.3.1/../../../../arm-none-eabi/lib\libg.a(lib_a-signalr.o)
                0x08002d6c                _kill_r
 .text._getpid_r
                0x08002dac       0x10 c:/progra~2/gnuarm~1/102021~1.10/bin/../lib/gcc/arm-none-eabi/10.3.1/../../../../arm-none-eabi/lib\libg.a(lib_a-signalr.o)
                0x08002dac                _getpid_r
 .text.startup.register_fini
                0x08002dbc       0x28 c:/progra~2/gnuarm~1/102021~1.10/bin/../lib/gcc/arm-none-eabi/10.3.1/../../../../arm-none-eabi/lib\libg.a(lib_a-__call_atexit.o)
 .text.__call_exitprocs
                0x08002de4      0x138 c:/progra~2/gnuarm~1/102021~1.10/bin/../lib/gcc/arm-none-eabi/10.3.1/../../../../arm-none-eabi/lib\libg.a(lib_a-__call_atexit.o)
                0x08002de4                __call_exitprocs
 .text.atexit   0x08002f1c       0x20 c:/progra~2/gnuarm~1/102021~1.10/bin/../lib/gcc/arm-none-eabi/10.3.1/../../../../arm-none-eabi/lib\libg.a(lib_a-atexit.o)
                0x08002f1c                atexit
 .text.__libc_fini_array
                0x08002f3c       0x44 c:/progra~2/gnuarm~1/102021~1.10/bin/../lib/gcc/arm-none-eabi/10.3.1/../../../../arm-none-eabi/lib\libg.a(lib_a-fini.o)
                0x08002f3c                __libc_fini_array
 .text.__retarget_lock_init
                0x08002f80        0x4 c:/progra~2/gnuarm~1/102021~1.10/bin/../lib/gcc/arm-none-eabi/10.3.1/../../../../arm-none-eabi/lib\libg.a(lib_a-lock.o)
                0x08002f80                __retarget_lock_init
 .text.__retarget_lock_init_recursive
                0x08002f84        0x4 c:/progra~2/gnuarm~1/102021~1.10/bin/../lib/gcc/arm-none-eabi/10.3.1/../../../../arm-none-eabi/lib\libg.a(lib_a-lock.o)
                0x08002f84                __retarget_lock_init_recursive
 .text.__retarget_lock_close
                0x08002f88        0x4 c:/progra~2/gnuarm~1/102021~1.10/bin/../lib/gcc/arm-none-eabi/10.3.1/../../../../arm-none-eabi/lib\libg.a(lib_a-lock.o)
                0x08002f88                __retarget_lock_close
 .text.__retarget_lock_close_recursive
                0x08002f8c        0x4 c:/progra~2/gnuarm~1/102021~1.10/bin/../lib/gcc/arm-none-eabi/10.3.1/../../../../arm-none-eabi/lib\libg.a(lib_a-lock.o)
                0x08002f8c                __retarget_lock_close_recursive
 .text.__retarget_lock_acquire
                0x08002f90        0x4 c:/progra~2/gnuarm~1/102021~1.10/bin/../lib/gcc/arm-none-eabi/10.3.1/../../../../arm-none-eabi/lib\libg.a(lib_a-lock.o)
                0x08002f90                __retarget_lock_acquire
 .text.__retarget_lock_acquire_recursive
                0x08002f94        0x4 c:/progra~2/gnuarm~1/102021~1.10/bin/../lib/gcc/arm-none-eabi/10.3.1/../../../../arm-none-eabi/lib\libg.a(lib_a-lock.o)
                0x08002f94                __retarget_lock_acquire_recursive
 .text.__retarget_lock_try_acquire
                0x08002f98        0x8 c:/progra~2/gnuarm~1/102021~1.10/bin/../lib/gcc/arm-none-eabi/10.3.1/../../../../arm-none-eabi/lib\libg.a(lib_a-lock.o)
                0x08002f98                __retarget_lock_try_acquire
 .text.__retarget_lock_try_acquire_recursive
                0x08002fa0        0x8 c:/progra~2/gnuarm~1/102021~1.10/bin/../lib/gcc/arm-none-eabi/10.3.1/../../../../arm-none-eabi/lib\libg.a(lib_a-lock.o)
                0x08002fa0                __retarget_lock_try_acquire_recursive
 .text.__retarget_lock_release
                0x08002fa8        0x4 c:/progra~2/gnuarm~1/102021~1.10/bin/../lib/gcc/arm-none-eabi/10.3.1/../../../../arm-none-eabi/lib\libg.a(lib_a-lock.o)
                0x08002fa8                __retarget_lock_release
 .text.__retarget_lock_release_recursive
                0x08002fac        0x4 c:/progra~2/gnuarm~1/102021~1.10/bin/../lib/gcc/arm-none-eabi/10.3.1/../../../../arm-none-eabi/lib\libg.a(lib_a-lock.o)
                0x08002fac                __retarget_lock_release_recursive
 .text._malloc_r
                0x08002fb0      0x810 c:/progra~2/gnuarm~1/102021~1.10/bin/../lib/gcc/arm-none-eabi/10.3.1/../../../../arm-none-eabi/lib\libg.a(lib_a-mallocr.o)
                0x08002fb0                _malloc_r
 .text.__malloc_lock
                0x080037c0       0x18 c:/progra~2/gnuarm~1/102021~1.10/bin/../lib/gcc/arm-none-eabi/10.3.1/../../../../arm-none-eabi/lib\libg.a(lib_a-mlock.o)
                0x080037c0                __malloc_lock
 .text.__malloc_unlock
                0x080037d8       0x18 c:/progra~2/gnuarm~1/102021~1.10/bin/../lib/gcc/arm-none-eabi/10.3.1/../../../../arm-none-eabi/lib\libg.a(lib_a-mlock.o)
                0x080037d8                __malloc_unlock
 .text.cleanup_glue
                0x080037f0       0x74 c:/progra~2/gnuarm~1/102021~1.10/bin/../lib/gcc/arm-none-eabi/10.3.1/../../../../arm-none-eabi/lib\libg.a(lib_a-reent.o)
                0x080037f0                cleanup_glue
 .text._reclaim_reent
                0x08003864      0x104 c:/progra~2/gnuarm~1/102021~1.10/bin/../lib/gcc/arm-none-eabi/10.3.1/../../../../arm-none-eabi/lib\libg.a(lib_a-reent.o)
                0x08003864                _reclaim_reent
 .text._sbrk_r  0x08003968       0x44 c:/progra~2/gnuarm~1/102021~1.10/bin/../lib/gcc/arm-none-eabi/10.3.1/../../../../arm-none-eabi/lib\libg.a(lib_a-sbrkr.o)
                0x08003968                _sbrk_r
 .text.__register_exitproc
                0x080039ac       0xbc c:/progra~2/gnuarm~1/102021~1.10/bin/../lib/gcc/arm-none-eabi/10.3.1/../../../../arm-none-eabi/lib\libg.a(lib_a-__atexit.o)
                0x080039ac                __register_exitproc
 .text._malloc_trim_r
                0x08003a68      0x100 c:/progra~2/gnuarm~1/102021~1.10/bin/../lib/gcc/arm-none-eabi/10.3.1/../../../../arm-none-eabi/lib\libg.a(lib_a-freer.o)
                0x08003a68                _malloc_trim_r
 .text._free_r  0x08003b68      0x2ec c:/progra~2/gnuarm~1/102021~1.10/bin/../lib/gcc/arm-none-eabi/10.3.1/../../../../arm-none-eabi/lib\libg.a(lib_a-freer.o)
                0x08003b68                _free_r
 *(.glue_7)
 .glue_7        0x08003e54        0x0 linker stubs
 *(.glue_7t)
 .glue_7t       0x08003e54        0x0 linker stubs
 *(.eh_frame)
 .eh_frame      0x08003e54        0x0 c:/progra~2/gnuarm~1/102021~1.10/bin/../lib/gcc/arm-none-eabi/10.3.1/crtbegin.o
 .eh_frame      0x08003e54        0x4 c:/progra~2/gnuarm~1/102021~1.10/bin/../lib/gcc/arm-none-eabi/10.3.1/crtend.o
 *(.init)
 .init          0x08003e58        0xc c:/progra~2/gnuarm~1/102021~1.10/bin/../lib/gcc/arm-none-eabi/10.3.1/crti.o
                0x08003e58                _init
 .init          0x08003e64        0xc c:/progra~2/gnuarm~1/102021~1.10/bin/../lib/gcc/arm-none-eabi/10.3.1/crtn.o
 *(.fini)
 .fini          0x08003e70        0xc c:/progra~2/gnuarm~1/102021~1.10/bin/../lib/gcc/arm-none-eabi/10.3.1/crti.o
                0x08003e70                _fini
 .fini          0x08003e7c        0xc c:/progra~2/gnuarm~1/102021~1.10/bin/../lib/gcc/arm-none-eabi/10.3.1/crtn.o
                0x08003e88                . = ALIGN (0x4)
                0x08003e88                _etext = .

.vfp11_veneer   0x08003e88        0x0
 .vfp11_veneer  0x08003e88        0x0 linker stubs

.v4_bx          0x08003e88        0x0
 .v4_bx         0x08003e88        0x0 linker stubs

.iplt           0x08003e88        0x0
 .iplt          0x08003e88        0x0 c:/progra~2/gnuarm~1/102021~1.10/bin/../lib/gcc/arm-none-eabi/10.3.1/crtbegin.o

.rodata         0x08003e88       0x64
                0x08003e88                . = ALIGN (0x4)
 *(.rodata)
 .rodata        0x08003e88       0x24 c:/progra~2/gnuarm~1/102021~1.10/bin/../lib/gcc/arm-none-eabi/10.3.1/crtbegin.o
 .rodata        0x08003eac       0x18 src/CMakeFiles/imit_flame.elf.dir/CMSIS/Core/Src/system_stm32f1xx.c.obj
                0x08003eac                AHBPrescTable
                0x08003ebc                APBPrescTable
 .rodata        0x08003ec4       0x24 c:/progra~2/gnuarm~1/102021~1.10/bin/../lib/gcc/arm-none-eabi/10.3.1/crtend.o
 *(.rodata*)
 .rodata._global_impure_ptr
                0x08003ee8        0x4 c:/progra~2/gnuarm~1/102021~1.10/bin/../lib/gcc/arm-none-eabi/10.3.1/../../../../arm-none-eabi/lib\libg.a(lib_a-impure.o)
                0x08003ee8                _global_impure_ptr
                0x08003eec                . = ALIGN (0x4)

.ARM.extab      0x08003eec       0x18
 *(.ARM.extab* .gnu.linkonce.armextab.*)
 .ARM.extab     0x08003eec        0x0 c:/progra~2/gnuarm~1/102021~1.10/bin/../lib/gcc/arm-none-eabi/10.3.1/../../../../arm-none-eabi/lib/crt0.o
 .ARM.extab     0x08003eec        0x0 src/CMakeFiles/imit_flame.elf.dir/gpio.cpp.obj
 .ARM.extab     0x08003eec        0x0 src/CMakeFiles/imit_flame.elf.dir/delay.cpp.obj
 .ARM.extab     0x08003eec        0xc src/CMakeFiles/imit_flame.elf.dir/hardware_config.cpp.obj
 .ARM.extab     0x08003ef8        0xc src/CMakeFiles/imit_flame.elf.dir/main.cpp.obj
 .ARM.extab     0x08003f04        0x0 c:/progra~2/gnuarm~1/102021~1.10/bin/../lib/gcc/arm-none-eabi/10.3.1\libgcc.a(unwind-arm.o)
 .ARM.extab     0x08003f04        0x0 c:/progra~2/gnuarm~1/102021~1.10/bin/../lib/gcc/arm-none-eabi/10.3.1\libgcc.a(pr-support.o)
 .ARM.extab.text.unlikely
                0x08003f04        0x0 c:/progra~2/gnuarm~1/102021~1.10/bin/../lib/gcc/arm-none-eabi/10.3.1\libgcc.a(pr-support.o)

.ARM            0x08003f04       0xc8
                0x08003f04                __exidx_start = .
 *(.ARM.exidx*)
 .ARM.exidx     0x08003f04        0x8 c:/progra~2/gnuarm~1/102021~1.10/bin/../lib/gcc/arm-none-eabi/10.3.1/../../../../arm-none-eabi/lib/crt0.o
                                 0x10 (size before relaxing)
 .ARM.exidx     0x08003f0c        0x0 src/CMakeFiles/imit_flame.elf.dir/gpio.cpp.obj
                                 0x28 (size before relaxing)
 .ARM.exidx     0x08003f0c        0x0 src/CMakeFiles/imit_flame.elf.dir/delay.cpp.obj
                                 0x10 (size before relaxing)
 .ARM.exidx     0x08003f0c        0x8 src/CMakeFiles/imit_flame.elf.dir/hardware_config.cpp.obj
 .ARM.exidx     0x08003f14       0x10 src/CMakeFiles/imit_flame.elf.dir/main.cpp.obj
 .ARM.exidx     0x08003f24       0x78 c:/progra~2/gnuarm~1/102021~1.10/bin/../lib/gcc/arm-none-eabi/10.3.1\libgcc.a(unwind-arm.o)
                                 0xd8 (size before relaxing)
 .ARM.exidx     0x08003f9c       0x30 c:/progra~2/gnuarm~1/102021~1.10/bin/../lib/gcc/arm-none-eabi/10.3.1\libgcc.a(pr-support.o)
                                 0x38 (size before relaxing)
 .ARM.exidx.text.unlikely
                0x08003fcc        0x0 c:/progra~2/gnuarm~1/102021~1.10/bin/../lib/gcc/arm-none-eabi/10.3.1\libgcc.a(pr-support.o)
                                 0x10 (size before relaxing)
                0x08003fcc                __exidx_end = .

.rel.dyn        0x08003fcc        0x0
 .rel.iplt      0x08003fcc        0x0 c:/progra~2/gnuarm~1/102021~1.10/bin/../lib/gcc/arm-none-eabi/10.3.1/crtbegin.o

.preinit_array  0x08003fcc        0x0
                0x08003fcc                PROVIDE (__preinit_array_start = .)
 *(.preinit_array*)
                0x08003fcc                PROVIDE (__preinit_array_end = .)

.init_array     0x08003fcc        0x8
                0x08003fcc                PROVIDE (__init_array_start = .)
 *(SORT_BY_NAME(.init_array.*))
 .init_array.00000
                0x08003fcc        0x4 c:/progra~2/gnuarm~1/102021~1.10/bin/../lib/gcc/arm-none-eabi/10.3.1/../../../../arm-none-eabi/lib\libg.a(lib_a-__call_atexit.o)
 *(.init_array*)
 .init_array    0x08003fd0        0x4 c:/progra~2/gnuarm~1/102021~1.10/bin/../lib/gcc/arm-none-eabi/10.3.1/crtbegin.o
                0x08003fd4                PROVIDE (__init_array_end = .)

.fini_array     0x08003fd4        0x4
                0x08003fd4                PROVIDE (__fini_array_start = .)
 *(SORT_BY_NAME(.fini_array.*))
 *(.fini_array*)
 .fini_array    0x08003fd4        0x4 c:/progra~2/gnuarm~1/102021~1.10/bin/../lib/gcc/arm-none-eabi/10.3.1/crtbegin.o
                0x08003fd8                PROVIDE (__fini_array_end = .)
                0x08003fd8                _sidata = LOADADDR (.data)

.data           0x20000000      0x86c load address 0x08003fd8
                0x20000000                . = ALIGN (0x4)
                0x20000000                _sdata = .
 *(.data)
 .data          0x20000000        0x0 c:/progra~2/gnuarm~1/102021~1.10/bin/../lib/gcc/arm-none-eabi/10.3.1/crti.o
 .data          0x20000000        0x4 c:/progra~2/gnuarm~1/102021~1.10/bin/../lib/gcc/arm-none-eabi/10.3.1/crtbegin.o
                0x20000000                __dso_handle
 .data          0x20000004        0x0 c:/progra~2/gnuarm~1/102021~1.10/bin/../lib/gcc/arm-none-eabi/10.3.1/../../../../arm-none-eabi/lib/crt0.o
 .data          0x20000004        0x0 src/CMakeFiles/imit_flame.elf.dir/gpio.cpp.obj
 .data          0x20000004        0x0 src/CMakeFiles/imit_flame.elf.dir/delay.cpp.obj
 .data          0x20000004       0x1b src/CMakeFiles/imit_flame.elf.dir/hardware_config.cpp.obj
                0x20000004                gpio_stm32f103RC
                0x20000014                gpio_lcds
 .data          0x2000001f        0x0 src/CMakeFiles/imit_flame.elf.dir/main.cpp.obj
 *fill*         0x2000001f        0x1 
 .data          0x20000020        0x4 src/CMakeFiles/imit_flame.elf.dir/CMSIS/Core/Src/syscalls.c.obj
                0x20000020                environ
 .data          0x20000024        0x0 src/CMakeFiles/imit_flame.elf.dir/CMSIS/Core/Src/sysmem.c.obj
 .data          0x20000024        0x4 src/CMakeFiles/imit_flame.elf.dir/CMSIS/Core/Src/system_stm32f1xx.c.obj
                0x20000024                SystemCoreClock
 .data          0x20000028        0x0 src/CMakeFiles/imit_flame.elf.dir/CMSIS/Core/Startup/startup_stm32f103xb.s.obj
 .data          0x20000028        0x0 c:/progra~2/gnuarm~1/102021~1.10/bin/../lib/gcc/arm-none-eabi/10.3.1\libgcc.a(unwind-arm.o)
 .data          0x20000028        0x0 c:/progra~2/gnuarm~1/102021~1.10/bin/../lib/gcc/arm-none-eabi/10.3.1\libgcc.a(libunwind.o)
 .data          0x20000028        0x0 c:/progra~2/gnuarm~1/102021~1.10/bin/../lib/gcc/arm-none-eabi/10.3.1\libgcc.a(pr-support.o)
 .data          0x20000028        0x0 c:/progra~2/gnuarm~1/102021~1.10/bin/../lib/gcc/arm-none-eabi/10.3.1/../../../../arm-none-eabi/lib\libg.a(lib_a-abort.o)
 .data          0x20000028        0x0 c:/progra~2/gnuarm~1/102021~1.10/bin/../lib/gcc/arm-none-eabi/10.3.1/../../../../arm-none-eabi/lib\libg.a(lib_a-errno.o)
 .data          0x20000028        0x0 c:/progra~2/gnuarm~1/102021~1.10/bin/../lib/gcc/arm-none-eabi/10.3.1/../../../../arm-none-eabi/lib\libg.a(lib_a-exit.o)
 .data          0x20000028        0x0 c:/progra~2/gnuarm~1/102021~1.10/bin/../lib/gcc/arm-none-eabi/10.3.1/../../../../arm-none-eabi/lib\libg.a(lib_a-impure.o)
 .data          0x20000028        0x0 c:/progra~2/gnuarm~1/102021~1.10/bin/../lib/gcc/arm-none-eabi/10.3.1/../../../../arm-none-eabi/lib\libg.a(lib_a-init.o)
 .data          0x20000028        0x0 c:/progra~2/gnuarm~1/102021~1.10/bin/../lib/gcc/arm-none-eabi/10.3.1/../../../../arm-none-eabi/lib\libg.a(lib_a-memcpy-stub.o)
 .data          0x20000028        0x0 c:/progra~2/gnuarm~1/102021~1.10/bin/../lib/gcc/arm-none-eabi/10.3.1/../../../../arm-none-eabi/lib\libg.a(lib_a-memset.o)
 .data          0x20000028        0x0 c:/progra~2/gnuarm~1/102021~1.10/bin/../lib/gcc/arm-none-eabi/10.3.1/../../../../arm-none-eabi/lib\libg.a(lib_a-signal.o)
 .data          0x20000028        0x0 c:/progra~2/gnuarm~1/102021~1.10/bin/../lib/gcc/arm-none-eabi/10.3.1/../../../../arm-none-eabi/lib\libg.a(lib_a-signalr.o)
 .data          0x20000028        0x0 c:/progra~2/gnuarm~1/102021~1.10/bin/../lib/gcc/arm-none-eabi/10.3.1/../../../../arm-none-eabi/lib\libg.a(lib_a-__call_atexit.o)
 .data          0x20000028        0x0 c:/progra~2/gnuarm~1/102021~1.10/bin/../lib/gcc/arm-none-eabi/10.3.1/../../../../arm-none-eabi/lib\libg.a(lib_a-atexit.o)
 .data          0x20000028        0x0 c:/progra~2/gnuarm~1/102021~1.10/bin/../lib/gcc/arm-none-eabi/10.3.1/../../../../arm-none-eabi/lib\libg.a(lib_a-fini.o)
 .data          0x20000028        0x0 c:/progra~2/gnuarm~1/102021~1.10/bin/../lib/gcc/arm-none-eabi/10.3.1/../../../../arm-none-eabi/lib\libg.a(lib_a-lock.o)
 .data          0x20000028        0x0 c:/progra~2/gnuarm~1/102021~1.10/bin/../lib/gcc/arm-none-eabi/10.3.1/../../../../arm-none-eabi/lib\libg.a(lib_a-mallocr.o)
 .data          0x20000028        0x0 c:/progra~2/gnuarm~1/102021~1.10/bin/../lib/gcc/arm-none-eabi/10.3.1/../../../../arm-none-eabi/lib\libg.a(lib_a-mlock.o)
 .data          0x20000028        0x0 c:/progra~2/gnuarm~1/102021~1.10/bin/../lib/gcc/arm-none-eabi/10.3.1/../../../../arm-none-eabi/lib\libg.a(lib_a-reent.o)
 .data          0x20000028        0x0 c:/progra~2/gnuarm~1/102021~1.10/bin/../lib/gcc/arm-none-eabi/10.3.1/../../../../arm-none-eabi/lib\libg.a(lib_a-sbrkr.o)
 .data          0x20000028        0x0 c:/progra~2/gnuarm~1/102021~1.10/bin/../lib/gcc/arm-none-eabi/10.3.1/../../../../arm-none-eabi/lib\libg.a(lib_a-__atexit.o)
 .data          0x20000028        0x0 c:/progra~2/gnuarm~1/102021~1.10/bin/../lib/gcc/arm-none-eabi/10.3.1/../../../../arm-none-eabi/lib\libg.a(lib_a-freer.o)
 .data          0x20000028        0x0 c:/progra~2/gnuarm~1/102021~1.10/bin/../lib/gcc/arm-none-eabi/10.3.1/crtend.o
 .data          0x20000028        0x0 c:/progra~2/gnuarm~1/102021~1.10/bin/../lib/gcc/arm-none-eabi/10.3.1/crtn.o
 *(.data*)
 .data._impure_ptr
                0x20000028        0x4 c:/progra~2/gnuarm~1/102021~1.10/bin/../lib/gcc/arm-none-eabi/10.3.1/../../../../arm-none-eabi/lib\libg.a(lib_a-impure.o)
                0x20000028                _impure_ptr
 *fill*         0x2000002c        0x4 
 .data.impure_data
                0x20000030      0x428 c:/progra~2/gnuarm~1/102021~1.10/bin/../lib/gcc/arm-none-eabi/10.3.1/../../../../arm-none-eabi/lib\libg.a(lib_a-impure.o)
 .data.__atexit_recursive_mutex
                0x20000458        0x4 c:/progra~2/gnuarm~1/102021~1.10/bin/../lib/gcc/arm-none-eabi/10.3.1/../../../../arm-none-eabi/lib\libg.a(lib_a-__call_atexit.o)
                0x20000458                __atexit_recursive_mutex
 .data.__malloc_av_
                0x2000045c      0x408 c:/progra~2/gnuarm~1/102021~1.10/bin/../lib/gcc/arm-none-eabi/10.3.1/../../../../arm-none-eabi/lib\libg.a(lib_a-mallocr.o)
                0x2000045c                __malloc_av_
 .data.__malloc_sbrk_base
                0x20000864        0x4 c:/progra~2/gnuarm~1/102021~1.10/bin/../lib/gcc/arm-none-eabi/10.3.1/../../../../arm-none-eabi/lib\libg.a(lib_a-mallocr.o)
                0x20000864                __malloc_sbrk_base
 .data.__malloc_trim_threshold
                0x20000868        0x4 c:/progra~2/gnuarm~1/102021~1.10/bin/../lib/gcc/arm-none-eabi/10.3.1/../../../../arm-none-eabi/lib\libg.a(lib_a-mallocr.o)
                0x20000868                __malloc_trim_threshold
                0x2000086c                . = ALIGN (0x4)
                0x2000086c                _edata = .

.igot.plt       0x2000086c        0x0 load address 0x08004844
 .igot.plt      0x2000086c        0x0 c:/progra~2/gnuarm~1/102021~1.10/bin/../lib/gcc/arm-none-eabi/10.3.1/crtbegin.o
                0x2000086c                . = ALIGN (0x4)

.bss            0x2000086c       0x80 load address 0x08004844
                0x2000086c                _sbss = .
                0x2000086c                __bss_start__ = _sbss
 *(.bss)
 .bss           0x2000086c        0x0 c:/progra~2/gnuarm~1/102021~1.10/bin/../lib/gcc/arm-none-eabi/10.3.1/crti.o
 .bss           0x2000086c       0x1c c:/progra~2/gnuarm~1/102021~1.10/bin/../lib/gcc/arm-none-eabi/10.3.1/crtbegin.o
 .bss           0x20000888        0x0 c:/progra~2/gnuarm~1/102021~1.10/bin/../lib/gcc/arm-none-eabi/10.3.1/../../../../arm-none-eabi/lib/crt0.o
 .bss           0x20000888        0x0 src/CMakeFiles/imit_flame.elf.dir/gpio.cpp.obj
 .bss           0x20000888        0x0 src/CMakeFiles/imit_flame.elf.dir/delay.cpp.obj
 .bss           0x20000888        0x0 src/CMakeFiles/imit_flame.elf.dir/hardware_config.cpp.obj
 .bss           0x20000888        0x0 src/CMakeFiles/imit_flame.elf.dir/main.cpp.obj
 .bss           0x20000888        0x4 src/CMakeFiles/imit_flame.elf.dir/CMSIS/Core/Src/syscalls.c.obj
                0x20000888                __env
 .bss           0x2000088c        0x4 src/CMakeFiles/imit_flame.elf.dir/CMSIS/Core/Src/sysmem.c.obj
 .bss           0x20000890        0x0 src/CMakeFiles/imit_flame.elf.dir/CMSIS/Core/Src/system_stm32f1xx.c.obj
 .bss           0x20000890        0x0 src/CMakeFiles/imit_flame.elf.dir/CMSIS/Core/Startup/startup_stm32f103xb.s.obj
 .bss           0x20000890        0x0 c:/progra~2/gnuarm~1/102021~1.10/bin/../lib/gcc/arm-none-eabi/10.3.1\libgcc.a(unwind-arm.o)
 .bss           0x20000890        0x0 c:/progra~2/gnuarm~1/102021~1.10/bin/../lib/gcc/arm-none-eabi/10.3.1\libgcc.a(libunwind.o)
 .bss           0x20000890        0x0 c:/progra~2/gnuarm~1/102021~1.10/bin/../lib/gcc/arm-none-eabi/10.3.1\libgcc.a(pr-support.o)
 .bss           0x20000890        0x0 c:/progra~2/gnuarm~1/102021~1.10/bin/../lib/gcc/arm-none-eabi/10.3.1/../../../../arm-none-eabi/lib\libg.a(lib_a-abort.o)
 .bss           0x20000890        0x0 c:/progra~2/gnuarm~1/102021~1.10/bin/../lib/gcc/arm-none-eabi/10.3.1/../../../../arm-none-eabi/lib\libg.a(lib_a-errno.o)
 .bss           0x20000890        0x0 c:/progra~2/gnuarm~1/102021~1.10/bin/../lib/gcc/arm-none-eabi/10.3.1/../../../../arm-none-eabi/lib\libg.a(lib_a-exit.o)
 .bss           0x20000890        0x0 c:/progra~2/gnuarm~1/102021~1.10/bin/../lib/gcc/arm-none-eabi/10.3.1/../../../../arm-none-eabi/lib\libg.a(lib_a-impure.o)
 .bss           0x20000890        0x0 c:/progra~2/gnuarm~1/102021~1.10/bin/../lib/gcc/arm-none-eabi/10.3.1/../../../../arm-none-eabi/lib\libg.a(lib_a-init.o)
 .bss           0x20000890        0x0 c:/progra~2/gnuarm~1/102021~1.10/bin/../lib/gcc/arm-none-eabi/10.3.1/../../../../arm-none-eabi/lib\libg.a(lib_a-memcpy-stub.o)
 .bss           0x20000890        0x0 c:/progra~2/gnuarm~1/102021~1.10/bin/../lib/gcc/arm-none-eabi/10.3.1/../../../../arm-none-eabi/lib\libg.a(lib_a-memset.o)
 .bss           0x20000890        0x0 c:/progra~2/gnuarm~1/102021~1.10/bin/../lib/gcc/arm-none-eabi/10.3.1/../../../../arm-none-eabi/lib\libg.a(lib_a-signal.o)
 .bss           0x20000890        0x0 c:/progra~2/gnuarm~1/102021~1.10/bin/../lib/gcc/arm-none-eabi/10.3.1/../../../../arm-none-eabi/lib\libg.a(lib_a-signalr.o)
 .bss           0x20000890        0x0 c:/progra~2/gnuarm~1/102021~1.10/bin/../lib/gcc/arm-none-eabi/10.3.1/../../../../arm-none-eabi/lib\libg.a(lib_a-__call_atexit.o)
 .bss           0x20000890        0x0 c:/progra~2/gnuarm~1/102021~1.10/bin/../lib/gcc/arm-none-eabi/10.3.1/../../../../arm-none-eabi/lib\libg.a(lib_a-atexit.o)
 .bss           0x20000890        0x0 c:/progra~2/gnuarm~1/102021~1.10/bin/../lib/gcc/arm-none-eabi/10.3.1/../../../../arm-none-eabi/lib\libg.a(lib_a-fini.o)
 .bss           0x20000890        0x0 c:/progra~2/gnuarm~1/102021~1.10/bin/../lib/gcc/arm-none-eabi/10.3.1/../../../../arm-none-eabi/lib\libg.a(lib_a-lock.o)
 .bss           0x20000890        0x0 c:/progra~2/gnuarm~1/102021~1.10/bin/../lib/gcc/arm-none-eabi/10.3.1/../../../../arm-none-eabi/lib\libg.a(lib_a-mallocr.o)
 .bss           0x20000890        0x0 c:/progra~2/gnuarm~1/102021~1.10/bin/../lib/gcc/arm-none-eabi/10.3.1/../../../../arm-none-eabi/lib\libg.a(lib_a-mlock.o)
 .bss           0x20000890        0x0 c:/progra~2/gnuarm~1/102021~1.10/bin/../lib/gcc/arm-none-eabi/10.3.1/../../../../arm-none-eabi/lib\libg.a(lib_a-reent.o)
 .bss           0x20000890        0x0 c:/progra~2/gnuarm~1/102021~1.10/bin/../lib/gcc/arm-none-eabi/10.3.1/../../../../arm-none-eabi/lib\libg.a(lib_a-sbrkr.o)
 .bss           0x20000890        0x0 c:/progra~2/gnuarm~1/102021~1.10/bin/../lib/gcc/arm-none-eabi/10.3.1/../../../../arm-none-eabi/lib\libg.a(lib_a-__atexit.o)
 .bss           0x20000890        0x0 c:/progra~2/gnuarm~1/102021~1.10/bin/../lib/gcc/arm-none-eabi/10.3.1/../../../../arm-none-eabi/lib\libg.a(lib_a-freer.o)
 .bss           0x20000890        0x0 c:/progra~2/gnuarm~1/102021~1.10/bin/../lib/gcc/arm-none-eabi/10.3.1/crtend.o
 .bss           0x20000890        0x0 c:/progra~2/gnuarm~1/102021~1.10/bin/../lib/gcc/arm-none-eabi/10.3.1/crtn.o
 *(.bss*)
 .bss.__lock___arc4random_mutex
                0x20000890        0x1 c:/progra~2/gnuarm~1/102021~1.10/bin/../lib/gcc/arm-none-eabi/10.3.1/../../../../arm-none-eabi/lib\libg.a(lib_a-lock.o)
                0x20000890                __lock___arc4random_mutex
 *fill*         0x20000891        0x3 
 .bss.__lock___at_quick_exit_mutex
                0x20000894        0x1 c:/progra~2/gnuarm~1/102021~1.10/bin/../lib/gcc/arm-none-eabi/10.3.1/../../../../arm-none-eabi/lib\libg.a(lib_a-lock.o)
                0x20000894                __lock___at_quick_exit_mutex
 *fill*         0x20000895        0x3 
 .bss.__lock___atexit_recursive_mutex
                0x20000898        0x1 c:/progra~2/gnuarm~1/102021~1.10/bin/../lib/gcc/arm-none-eabi/10.3.1/../../../../arm-none-eabi/lib\libg.a(lib_a-lock.o)
                0x20000898                __lock___atexit_recursive_mutex
 *fill*         0x20000899        0x3 
 .bss.__lock___dd_hash_mutex
                0x2000089c        0x1 c:/progra~2/gnuarm~1/102021~1.10/bin/../lib/gcc/arm-none-eabi/10.3.1/../../../../arm-none-eabi/lib\libg.a(lib_a-lock.o)
                0x2000089c                __lock___dd_hash_mutex
 *fill*         0x2000089d        0x3 
 .bss.__lock___env_recursive_mutex
                0x200008a0        0x1 c:/progra~2/gnuarm~1/102021~1.10/bin/../lib/gcc/arm-none-eabi/10.3.1/../../../../arm-none-eabi/lib\libg.a(lib_a-lock.o)
                0x200008a0                __lock___env_recursive_mutex
 *fill*         0x200008a1        0x3 
 .bss.__lock___malloc_recursive_mutex
                0x200008a4        0x1 c:/progra~2/gnuarm~1/102021~1.10/bin/../lib/gcc/arm-none-eabi/10.3.1/../../../../arm-none-eabi/lib\libg.a(lib_a-lock.o)
                0x200008a4                __lock___malloc_recursive_mutex
 *fill*         0x200008a5        0x3 
 .bss.__lock___sfp_recursive_mutex
                0x200008a8        0x1 c:/progra~2/gnuarm~1/102021~1.10/bin/../lib/gcc/arm-none-eabi/10.3.1/../../../../arm-none-eabi/lib\libg.a(lib_a-lock.o)
                0x200008a8                __lock___sfp_recursive_mutex
 *fill*         0x200008a9        0x3 
 .bss.__lock___sinit_recursive_mutex
                0x200008ac        0x1 c:/progra~2/gnuarm~1/102021~1.10/bin/../lib/gcc/arm-none-eabi/10.3.1/../../../../arm-none-eabi/lib\libg.a(lib_a-lock.o)
                0x200008ac                __lock___sinit_recursive_mutex
 *fill*         0x200008ad        0x3 
 .bss.__lock___tz_mutex
                0x200008b0        0x1 c:/progra~2/gnuarm~1/102021~1.10/bin/../lib/gcc/arm-none-eabi/10.3.1/../../../../arm-none-eabi/lib\libg.a(lib_a-lock.o)
                0x200008b0                __lock___tz_mutex
 *fill*         0x200008b1        0x3 
 .bss.__malloc_current_mallinfo
                0x200008b4       0x28 c:/progra~2/gnuarm~1/102021~1.10/bin/../lib/gcc/arm-none-eabi/10.3.1/../../../../arm-none-eabi/lib\libg.a(lib_a-mallocr.o)
                0x200008b4                __malloc_current_mallinfo
 .bss.__malloc_max_sbrked_mem
                0x200008dc        0x4 c:/progra~2/gnuarm~1/102021~1.10/bin/../lib/gcc/arm-none-eabi/10.3.1/../../../../arm-none-eabi/lib\libg.a(lib_a-mallocr.o)
                0x200008dc                __malloc_max_sbrked_mem
 .bss.__malloc_max_total_mem
                0x200008e0        0x4 c:/progra~2/gnuarm~1/102021~1.10/bin/../lib/gcc/arm-none-eabi/10.3.1/../../../../arm-none-eabi/lib\libg.a(lib_a-mallocr.o)
                0x200008e0                __malloc_max_total_mem
 .bss.__malloc_top_pad
                0x200008e4        0x4 c:/progra~2/gnuarm~1/102021~1.10/bin/../lib/gcc/arm-none-eabi/10.3.1/../../../../arm-none-eabi/lib\libg.a(lib_a-mallocr.o)
                0x200008e4                __malloc_top_pad
 .bss.errno     0x200008e8        0x4 c:/progra~2/gnuarm~1/102021~1.10/bin/../lib/gcc/arm-none-eabi/10.3.1/../../../../arm-none-eabi/lib\libg.a(lib_a-reent.o)
                0x200008e8                errno
 *(COMMON)
                0x200008ec                . = ALIGN (0x4)
                0x200008ec                _ebss = .
                0x200008ec                __bss_end__ = _ebss

._user_heap_stack
                0x200008ec      0x600 load address 0x08004844
                0x200008ec                . = ALIGN (0x4)
                [!provide]                PROVIDE (end = .)
                0x200008ec                PROVIDE (_end = .)
                0x20000aec                . = (. + _Min_Heap_Size)
 *fill*         0x200008ec      0x200 
                0x20000eec                . = (. + _Min_Stack_Size)
 *fill*         0x20000aec      0x400 
                0x20000eec                . = ALIGN (0x4)

/DISCARD/
 libc.a(*)
 libm.a(*)
 libgcc.a(*)

.ARM.attributes
                0x00000000       0x2f
 *(.ARM.attributes)
 .ARM.attributes
                0x00000000       0x1c c:/progra~2/gnuarm~1/102021~1.10/bin/../lib/gcc/arm-none-eabi/10.3.1/crti.o
 .ARM.attributes
                0x0000001c       0x2a c:/progra~2/gnuarm~1/102021~1.10/bin/../lib/gcc/arm-none-eabi/10.3.1/crtbegin.o
 .ARM.attributes
                0x00000046       0x1a c:/progra~2/gnuarm~1/102021~1.10/bin/../lib/gcc/arm-none-eabi/10.3.1/../../../../arm-none-eabi/lib/crt0.o
 .ARM.attributes
                0x00000060       0x2a src/CMakeFiles/imit_flame.elf.dir/gpio.cpp.obj
 .ARM.attributes
                0x0000008a       0x2a src/CMakeFiles/imit_flame.elf.dir/delay.cpp.obj
 .ARM.attributes
                0x000000b4       0x2a src/CMakeFiles/imit_flame.elf.dir/hardware_config.cpp.obj
 .ARM.attributes
                0x000000de       0x2a src/CMakeFiles/imit_flame.elf.dir/main.cpp.obj
 .ARM.attributes
                0x00000108       0x2a src/CMakeFiles/imit_flame.elf.dir/CMSIS/Core/Src/syscalls.c.obj
 .ARM.attributes
                0x00000132       0x2a src/CMakeFiles/imit_flame.elf.dir/CMSIS/Core/Src/sysmem.c.obj
 .ARM.attributes
                0x0000015c       0x2a src/CMakeFiles/imit_flame.elf.dir/CMSIS/Core/Src/system_stm32f1xx.c.obj
 .ARM.attributes
                0x00000186       0x21 src/CMakeFiles/imit_flame.elf.dir/CMSIS/Core/Startup/startup_stm32f103xb.s.obj
 .ARM.attributes
                0x000001a7       0x2a c:/progra~2/gnuarm~1/102021~1.10/bin/../lib/gcc/arm-none-eabi/10.3.1\libgcc.a(unwind-arm.o)
 .ARM.attributes
                0x000001d1       0x1c c:/progra~2/gnuarm~1/102021~1.10/bin/../lib/gcc/arm-none-eabi/10.3.1\libgcc.a(libunwind.o)
 .ARM.attributes
                0x000001ed       0x2a c:/progra~2/gnuarm~1/102021~1.10/bin/../lib/gcc/arm-none-eabi/10.3.1\libgcc.a(pr-support.o)
 .ARM.attributes
                0x00000217       0x2a c:/progra~2/gnuarm~1/102021~1.10/bin/../lib/gcc/arm-none-eabi/10.3.1/../../../../arm-none-eabi/lib\libg.a(lib_a-abort.o)
 .ARM.attributes
                0x00000241       0x2a c:/progra~2/gnuarm~1/102021~1.10/bin/../lib/gcc/arm-none-eabi/10.3.1/../../../../arm-none-eabi/lib\libg.a(lib_a-errno.o)
 .ARM.attributes
                0x0000026b       0x2a c:/progra~2/gnuarm~1/102021~1.10/bin/../lib/gcc/arm-none-eabi/10.3.1/../../../../arm-none-eabi/lib\libg.a(lib_a-exit.o)
 .ARM.attributes
                0x00000295       0x2a c:/progra~2/gnuarm~1/102021~1.10/bin/../lib/gcc/arm-none-eabi/10.3.1/../../../../arm-none-eabi/lib\libg.a(lib_a-impure.o)
 .ARM.attributes
                0x000002bf       0x2a c:/progra~2/gnuarm~1/102021~1.10/bin/../lib/gcc/arm-none-eabi/10.3.1/../../../../arm-none-eabi/lib\libg.a(lib_a-init.o)
 .ARM.attributes
                0x000002e9       0x2a c:/progra~2/gnuarm~1/102021~1.10/bin/../lib/gcc/arm-none-eabi/10.3.1/../../../../arm-none-eabi/lib\libg.a(lib_a-memcpy-stub.o)
 .ARM.attributes
                0x00000313       0x2a c:/progra~2/gnuarm~1/102021~1.10/bin/../lib/gcc/arm-none-eabi/10.3.1/../../../../arm-none-eabi/lib\libg.a(lib_a-memset.o)
 .ARM.attributes
                0x0000033d       0x2a c:/progra~2/gnuarm~1/102021~1.10/bin/../lib/gcc/arm-none-eabi/10.3.1/../../../../arm-none-eabi/lib\libg.a(lib_a-signal.o)
 .ARM.attributes
                0x00000367       0x2a c:/progra~2/gnuarm~1/102021~1.10/bin/../lib/gcc/arm-none-eabi/10.3.1/../../../../arm-none-eabi/lib\libg.a(lib_a-signalr.o)
 .ARM.attributes
                0x00000391       0x2a c:/progra~2/gnuarm~1/102021~1.10/bin/../lib/gcc/arm-none-eabi/10.3.1/../../../../arm-none-eabi/lib\libg.a(lib_a-__call_atexit.o)
 .ARM.attributes
                0x000003bb       0x2a c:/progra~2/gnuarm~1/102021~1.10/bin/../lib/gcc/arm-none-eabi/10.3.1/../../../../arm-none-eabi/lib\libg.a(lib_a-atexit.o)
 .ARM.attributes
                0x000003e5       0x2a c:/progra~2/gnuarm~1/102021~1.10/bin/../lib/gcc/arm-none-eabi/10.3.1/../../../../arm-none-eabi/lib\libg.a(lib_a-fini.o)
 .ARM.attributes
                0x0000040f       0x2a c:/progra~2/gnuarm~1/102021~1.10/bin/../lib/gcc/arm-none-eabi/10.3.1/../../../../arm-none-eabi/lib\libg.a(lib_a-lock.o)
 .ARM.attributes
                0x00000439       0x2a c:/progra~2/gnuarm~1/102021~1.10/bin/../lib/gcc/arm-none-eabi/10.3.1/../../../../arm-none-eabi/lib\libg.a(lib_a-mallocr.o)
 .ARM.attributes
                0x00000463       0x2a c:/progra~2/gnuarm~1/102021~1.10/bin/../lib/gcc/arm-none-eabi/10.3.1/../../../../arm-none-eabi/lib\libg.a(lib_a-mlock.o)
 .ARM.attributes
                0x0000048d       0x2a c:/progra~2/gnuarm~1/102021~1.10/bin/../lib/gcc/arm-none-eabi/10.3.1/../../../../arm-none-eabi/lib\libg.a(lib_a-reent.o)
 .ARM.attributes
                0x000004b7       0x2a c:/progra~2/gnuarm~1/102021~1.10/bin/../lib/gcc/arm-none-eabi/10.3.1/../../../../arm-none-eabi/lib\libg.a(lib_a-sbrkr.o)
 .ARM.attributes
                0x000004e1       0x2a c:/progra~2/gnuarm~1/102021~1.10/bin/../lib/gcc/arm-none-eabi/10.3.1/../../../../arm-none-eabi/lib\libg.a(lib_a-__atexit.o)
 .ARM.attributes
                0x0000050b       0x2a c:/progra~2/gnuarm~1/102021~1.10/bin/../lib/gcc/arm-none-eabi/10.3.1/../../../../arm-none-eabi/lib\libg.a(lib_a-freer.o)
 .ARM.attributes
                0x00000535       0x2a c:/progra~2/gnuarm~1/102021~1.10/bin/../lib/gcc/arm-none-eabi/10.3.1/crtend.o
 .ARM.attributes
                0x0000055f       0x1c c:/progra~2/gnuarm~1/102021~1.10/bin/../lib/gcc/arm-none-eabi/10.3.1/crtn.o
OUTPUT(imit_flame.elf elf32-littlearm)
LOAD linker stubs
LOAD c:/progra~2/gnuarm~1/102021~1.10/bin/../lib/gcc/arm-none-eabi/10.3.1/../../../../arm-none-eabi/lib\libc.a
LOAD c:/progra~2/gnuarm~1/102021~1.10/bin/../lib/gcc/arm-none-eabi/10.3.1/../../../../arm-none-eabi/lib\libm.a
LOAD c:/progra~2/gnuarm~1/102021~1.10/bin/../lib/gcc/arm-none-eabi/10.3.1\libgcc.a

.debug_info     0x00000000     0x18c3
 .debug_info    0x00000000      0x4f8 src/CMakeFiles/imit_flame.elf.dir/gpio.cpp.obj
 .debug_info    0x000004f8      0x108 src/CMakeFiles/imit_flame.elf.dir/delay.cpp.obj
 .debug_info    0x00000600      0x545 src/CMakeFiles/imit_flame.elf.dir/hardware_config.cpp.obj
 .debug_info    0x00000b45      0x321 src/CMakeFiles/imit_flame.elf.dir/main.cpp.obj
 .debug_info    0x00000e66      0x6ae src/CMakeFiles/imit_flame.elf.dir/CMSIS/Core/Src/syscalls.c.obj
 .debug_info    0x00001514      0x15b src/CMakeFiles/imit_flame.elf.dir/CMSIS/Core/Src/sysmem.c.obj
 .debug_info    0x0000166f      0x232 src/CMakeFiles/imit_flame.elf.dir/CMSIS/Core/Src/system_stm32f1xx.c.obj
 .debug_info    0x000018a1       0x22 src/CMakeFiles/imit_flame.elf.dir/CMSIS/Core/Startup/startup_stm32f103xb.s.obj

.debug_abbrev   0x00000000      0x88d
 .debug_abbrev  0x00000000      0x1a2 src/CMakeFiles/imit_flame.elf.dir/gpio.cpp.obj
 .debug_abbrev  0x000001a2       0x91 src/CMakeFiles/imit_flame.elf.dir/delay.cpp.obj
 .debug_abbrev  0x00000233      0x190 src/CMakeFiles/imit_flame.elf.dir/hardware_config.cpp.obj
 .debug_abbrev  0x000003c3      0x160 src/CMakeFiles/imit_flame.elf.dir/main.cpp.obj
 .debug_abbrev  0x00000523      0x17d src/CMakeFiles/imit_flame.elf.dir/CMSIS/Core/Src/syscalls.c.obj
 .debug_abbrev  0x000006a0       0xa3 src/CMakeFiles/imit_flame.elf.dir/CMSIS/Core/Src/sysmem.c.obj
 .debug_abbrev  0x00000743      0x138 src/CMakeFiles/imit_flame.elf.dir/CMSIS/Core/Src/system_stm32f1xx.c.obj
 .debug_abbrev  0x0000087b       0x12 src/CMakeFiles/imit_flame.elf.dir/CMSIS/Core/Startup/startup_stm32f103xb.s.obj

.debug_aranges  0x00000000      0x108
 .debug_aranges
                0x00000000       0x20 src/CMakeFiles/imit_flame.elf.dir/gpio.cpp.obj
 .debug_aranges
                0x00000020       0x20 src/CMakeFiles/imit_flame.elf.dir/delay.cpp.obj
 .debug_aranges
                0x00000040       0x20 src/CMakeFiles/imit_flame.elf.dir/hardware_config.cpp.obj
 .debug_aranges
                0x00000060       0x20 src/CMakeFiles/imit_flame.elf.dir/main.cpp.obj
 .debug_aranges
                0x00000080       0x20 src/CMakeFiles/imit_flame.elf.dir/CMSIS/Core/Src/syscalls.c.obj
 .debug_aranges
                0x000000a0       0x20 src/CMakeFiles/imit_flame.elf.dir/CMSIS/Core/Src/sysmem.c.obj
 .debug_aranges
                0x000000c0       0x20 src/CMakeFiles/imit_flame.elf.dir/CMSIS/Core/Src/system_stm32f1xx.c.obj
 .debug_aranges
                0x000000e0       0x28 src/CMakeFiles/imit_flame.elf.dir/CMSIS/Core/Startup/startup_stm32f103xb.s.obj

.debug_line     0x00000000      0xd5b
 .debug_line    0x00000000      0x20b src/CMakeFiles/imit_flame.elf.dir/gpio.cpp.obj
 .debug_line    0x0000020b      0x145 src/CMakeFiles/imit_flame.elf.dir/delay.cpp.obj
 .debug_line    0x00000350      0x1d6 src/CMakeFiles/imit_flame.elf.dir/hardware_config.cpp.obj
 .debug_line    0x00000526      0x183 src/CMakeFiles/imit_flame.elf.dir/main.cpp.obj
 .debug_line    0x000006a9      0x249 src/CMakeFiles/imit_flame.elf.dir/CMSIS/Core/Src/syscalls.c.obj
 .debug_line    0x000008f2      0x191 src/CMakeFiles/imit_flame.elf.dir/CMSIS/Core/Src/sysmem.c.obj
 .debug_line    0x00000a83      0x226 src/CMakeFiles/imit_flame.elf.dir/CMSIS/Core/Src/system_stm32f1xx.c.obj
 .debug_line    0x00000ca9       0xb2 src/CMakeFiles/imit_flame.elf.dir/CMSIS/Core/Startup/startup_stm32f103xb.s.obj

.debug_str      0x00000000      0x9dd
 .debug_str     0x00000000      0x3b6 src/CMakeFiles/imit_flame.elf.dir/gpio.cpp.obj
                                0x41f (size before relaxing)
 .debug_str     0x000003b6       0x89 src/CMakeFiles/imit_flame.elf.dir/delay.cpp.obj
                                0x1b3 (size before relaxing)
 .debug_str     0x0000043f      0x102 src/CMakeFiles/imit_flame.elf.dir/hardware_config.cpp.obj
                                0x504 (size before relaxing)
 .debug_str     0x00000541       0x4d src/CMakeFiles/imit_flame.elf.dir/main.cpp.obj
                                0x3df (size before relaxing)
 .debug_str     0x0000058e      0x298 src/CMakeFiles/imit_flame.elf.dir/CMSIS/Core/Src/syscalls.c.obj
                                0x3a7 (size before relaxing)
 .debug_str     0x00000826       0xa5 src/CMakeFiles/imit_flame.elf.dir/CMSIS/Core/Src/sysmem.c.obj
                                0x1ed (size before relaxing)
 .debug_str     0x000008cb       0xae src/CMakeFiles/imit_flame.elf.dir/CMSIS/Core/Src/system_stm32f1xx.c.obj
                                0x225 (size before relaxing)
 .debug_str     0x00000979       0x64 src/CMakeFiles/imit_flame.elf.dir/CMSIS/Core/Startup/startup_stm32f103xb.s.obj
                                 0x93 (size before relaxing)

.comment        0x00000000       0x49
 .comment       0x00000000       0x49 src/CMakeFiles/imit_flame.elf.dir/gpio.cpp.obj
                                 0x4a (size before relaxing)
 .comment       0x00000049       0x4a src/CMakeFiles/imit_flame.elf.dir/delay.cpp.obj
 .comment       0x00000049       0x4a src/CMakeFiles/imit_flame.elf.dir/hardware_config.cpp.obj
 .comment       0x00000049       0x4a src/CMakeFiles/imit_flame.elf.dir/main.cpp.obj
 .comment       0x00000049       0x4a src/CMakeFiles/imit_flame.elf.dir/CMSIS/Core/Src/syscalls.c.obj
 .comment       0x00000049       0x4a src/CMakeFiles/imit_flame.elf.dir/CMSIS/Core/Src/sysmem.c.obj
 .comment       0x00000049       0x4a src/CMakeFiles/imit_flame.elf.dir/CMSIS/Core/Src/system_stm32f1xx.c.obj

.debug_frame    0x00000000      0xf58
 .debug_frame   0x00000000       0xb4 src/CMakeFiles/imit_flame.elf.dir/gpio.cpp.obj
 .debug_frame   0x000000b4       0x50 src/CMakeFiles/imit_flame.elf.dir/delay.cpp.obj
 .debug_frame   0x00000104       0x38 src/CMakeFiles/imit_flame.elf.dir/hardware_config.cpp.obj
 .debug_frame   0x0000013c       0x44 src/CMakeFiles/imit_flame.elf.dir/main.cpp.obj
 .debug_frame   0x00000180      0x27c src/CMakeFiles/imit_flame.elf.dir/CMSIS/Core/Src/syscalls.c.obj
 .debug_frame   0x000003fc       0x38 src/CMakeFiles/imit_flame.elf.dir/CMSIS/Core/Src/sysmem.c.obj
 .debug_frame   0x00000434       0x50 src/CMakeFiles/imit_flame.elf.dir/CMSIS/Core/Src/system_stm32f1xx.c.obj
 .debug_frame   0x00000484      0x36c c:/progra~2/gnuarm~1/102021~1.10/bin/../lib/gcc/arm-none-eabi/10.3.1\libgcc.a(unwind-arm.o)
 .debug_frame   0x000007f0      0x110 c:/progra~2/gnuarm~1/102021~1.10/bin/../lib/gcc/arm-none-eabi/10.3.1\libgcc.a(pr-support.o)
 .debug_frame   0x00000900       0x28 c:/progra~2/gnuarm~1/102021~1.10/bin/../lib/gcc/arm-none-eabi/10.3.1/../../../../arm-none-eabi/lib\libg.a(lib_a-abort.o)
 .debug_frame   0x00000928       0x20 c:/progra~2/gnuarm~1/102021~1.10/bin/../lib/gcc/arm-none-eabi/10.3.1/../../../../arm-none-eabi/lib\libg.a(lib_a-errno.o)
 .debug_frame   0x00000948       0x28 c:/progra~2/gnuarm~1/102021~1.10/bin/../lib/gcc/arm-none-eabi/10.3.1/../../../../arm-none-eabi/lib\libg.a(lib_a-exit.o)
 .debug_frame   0x00000970       0x34 c:/progra~2/gnuarm~1/102021~1.10/bin/../lib/gcc/arm-none-eabi/10.3.1/../../../../arm-none-eabi/lib\libg.a(lib_a-init.o)
 .debug_frame   0x000009a4       0x38 c:/progra~2/gnuarm~1/102021~1.10/bin/../lib/gcc/arm-none-eabi/10.3.1/../../../../arm-none-eabi/lib\libg.a(lib_a-memcpy-stub.o)
 .debug_frame   0x000009dc       0x48 c:/progra~2/gnuarm~1/102021~1.10/bin/../lib/gcc/arm-none-eabi/10.3.1/../../../../arm-none-eabi/lib\libg.a(lib_a-memset.o)
 .debug_frame   0x00000a24      0x15c c:/progra~2/gnuarm~1/102021~1.10/bin/../lib/gcc/arm-none-eabi/10.3.1/../../../../arm-none-eabi/lib\libg.a(lib_a-signal.o)
 .debug_frame   0x00000b80       0x50 c:/progra~2/gnuarm~1/102021~1.10/bin/../lib/gcc/arm-none-eabi/10.3.1/../../../../arm-none-eabi/lib\libg.a(lib_a-signalr.o)
 .debug_frame   0x00000bd0       0x68 c:/progra~2/gnuarm~1/102021~1.10/bin/../lib/gcc/arm-none-eabi/10.3.1/../../../../arm-none-eabi/lib\libg.a(lib_a-__call_atexit.o)
 .debug_frame   0x00000c38       0x2c c:/progra~2/gnuarm~1/102021~1.10/bin/../lib/gcc/arm-none-eabi/10.3.1/../../../../arm-none-eabi/lib\libg.a(lib_a-atexit.o)
 .debug_frame   0x00000c64       0x34 c:/progra~2/gnuarm~1/102021~1.10/bin/../lib/gcc/arm-none-eabi/10.3.1/../../../../arm-none-eabi/lib\libg.a(lib_a-fini.o)
 .debug_frame   0x00000c98       0xb0 c:/progra~2/gnuarm~1/102021~1.10/bin/../lib/gcc/arm-none-eabi/10.3.1/../../../../arm-none-eabi/lib\libg.a(lib_a-lock.o)
 .debug_frame   0x00000d48       0x84 c:/progra~2/gnuarm~1/102021~1.10/bin/../lib/gcc/arm-none-eabi/10.3.1/../../../../arm-none-eabi/lib\libg.a(lib_a-mallocr.o)
 .debug_frame   0x00000dcc       0x48 c:/progra~2/gnuarm~1/102021~1.10/bin/../lib/gcc/arm-none-eabi/10.3.1/../../../../arm-none-eabi/lib\libg.a(lib_a-mlock.o)
 .debug_frame   0x00000e14       0x5c c:/progra~2/gnuarm~1/102021~1.10/bin/../lib/gcc/arm-none-eabi/10.3.1/../../../../arm-none-eabi/lib\libg.a(lib_a-reent.o)
 .debug_frame   0x00000e70       0x3c c:/progra~2/gnuarm~1/102021~1.10/bin/../lib/gcc/arm-none-eabi/10.3.1/../../../../arm-none-eabi/lib\libg.a(lib_a-sbrkr.o)
 .debug_frame   0x00000eac       0x3c c:/progra~2/gnuarm~1/102021~1.10/bin/../lib/gcc/arm-none-eabi/10.3.1/../../../../arm-none-eabi/lib\libg.a(lib_a-__atexit.o)
 .debug_frame   0x00000ee8       0x70 c:/progra~2/gnuarm~1/102021~1.10/bin/../lib/gcc/arm-none-eabi/10.3.1/../../../../arm-none-eabi/lib\libg.a(lib_a-freer.o)

.debug_ranges   0x00000000       0x20
 .debug_ranges  0x00000000       0x20 src/CMakeFiles/imit_flame.elf.dir/CMSIS/Core/Startup/startup_stm32f103xb.s.obj
