Archive member included to satisfy reference by file (symbol)

c:/progra~2/gnuarm~1/102021~1.10/bin/../lib/gcc/arm-none-eabi/10.3.1\libgcc.a(unwind-arm.o)
                              src/CMakeFiles/imit_flame.elf.dir/hardware_config.cpp.obj (__aeabi_unwind_cpp_pr1)
c:/progra~2/gnuarm~1/102021~1.10/bin/../lib/gcc/arm-none-eabi/10.3.1\libgcc.a(libunwind.o)
                              c:/progra~2/gnuarm~1/102021~1.10/bin/../lib/gcc/arm-none-eabi/10.3.1\libgcc.a(unwind-arm.o) (restore_core_regs)
c:/progra~2/gnuarm~1/102021~1.10/bin/../lib/gcc/arm-none-eabi/10.3.1\libgcc.a(pr-support.o)
                              c:/progra~2/gnuarm~1/102021~1.10/bin/../lib/gcc/arm-none-eabi/10.3.1\libgcc.a(unwind-arm.o) (__gnu_unwind_execute)
c:/progra~2/gnuarm~1/102021~1.10/bin/../lib/gcc/arm-none-eabi/10.3.1/../../../../arm-none-eabi/lib\libg.a(lib_a-abort.o)
                              c:/progra~2/gnuarm~1/102021~1.10/bin/../lib/gcc/arm-none-eabi/10.3.1\libgcc.a(unwind-arm.o) (abort)
c:/progra~2/gnuarm~1/102021~1.10/bin/../lib/gcc/arm-none-eabi/10.3.1/../../../../arm-none-eabi/lib\libg.a(lib_a-errno.o)
                              src/CMakeFiles/imit_flame.elf.dir/CMSIS/Core/Src/syscalls.c.obj (__errno)
c:/progra~2/gnuarm~1/102021~1.10/bin/../lib/gcc/arm-none-eabi/10.3.1/../../../../arm-none-eabi/lib\libg.a(lib_a-exit.o)
                              c:/progra~2/gnuarm~1/102021~1.10/bin/../lib/gcc/arm-none-eabi/10.3.1/../../../../arm-none-eabi/lib/crt0.o (exit)
c:/progra~2/gnuarm~1/102021~1.10/bin/../lib/gcc/arm-none-eabi/10.3.1/../../../../arm-none-eabi/lib\libg.a(lib_a-impure.o)
                              c:/progra~2/gnuarm~1/102021~1.10/bin/../lib/gcc/arm-none-eabi/10.3.1/../../../../arm-none-eabi/lib\libg.a(lib_a-exit.o) (_global_impure_ptr)
c:/progra~2/gnuarm~1/102021~1.10/bin/../lib/gcc/arm-none-eabi/10.3.1/../../../../arm-none-eabi/lib\libg.a(lib_a-init.o)
                              c:/progra~2/gnuarm~1/102021~1.10/bin/../lib/gcc/arm-none-eabi/10.3.1/../../../../arm-none-eabi/lib/crt0.o (__libc_init_array)
c:/progra~2/gnuarm~1/102021~1.10/bin/../lib/gcc/arm-none-eabi/10.3.1/../../../../arm-none-eabi/lib\libg.a(lib_a-memcpy-stub.o)
                              c:/progra~2/gnuarm~1/102021~1.10/bin/../lib/gcc/arm-none-eabi/10.3.1\libgcc.a(unwind-arm.o) (memcpy)
c:/progra~2/gnuarm~1/102021~1.10/bin/../lib/gcc/arm-none-eabi/10.3.1/../../../../arm-none-eabi/lib\libg.a(lib_a-memset.o)
                              c:/progra~2/gnuarm~1/102021~1.10/bin/../lib/gcc/arm-none-eabi/10.3.1/../../../../arm-none-eabi/lib/crt0.o (memset)
c:/progra~2/gnuarm~1/102021~1.10/bin/../lib/gcc/arm-none-eabi/10.3.1/../../../../arm-none-eabi/lib\libg.a(lib_a-signal.o)
                              c:/progra~2/gnuarm~1/102021~1.10/bin/../lib/gcc/arm-none-eabi/10.3.1/../../../../arm-none-eabi/lib\libg.a(lib_a-abort.o) (raise)
c:/progra~2/gnuarm~1/102021~1.10/bin/../lib/gcc/arm-none-eabi/10.3.1/../../../../arm-none-eabi/lib\libg.a(lib_a-signalr.o)
                              c:/progra~2/gnuarm~1/102021~1.10/bin/../lib/gcc/arm-none-eabi/10.3.1/../../../../arm-none-eabi/lib\libg.a(lib_a-signal.o) (_kill_r)
c:/progra~2/gnuarm~1/102021~1.10/bin/../lib/gcc/arm-none-eabi/10.3.1/../../../../arm-none-eabi/lib\libg.a(lib_a-__call_atexit.o)
                              c:/progra~2/gnuarm~1/102021~1.10/bin/../lib/gcc/arm-none-eabi/10.3.1/../../../../arm-none-eabi/lib\libg.a(lib_a-exit.o) (__call_exitprocs)
c:/progra~2/gnuarm~1/102021~1.10/bin/../lib/gcc/arm-none-eabi/10.3.1/../../../../arm-none-eabi/lib\libg.a(lib_a-atexit.o)
                              c:/progra~2/gnuarm~1/102021~1.10/bin/../lib/gcc/arm-none-eabi/10.3.1/../../../../arm-none-eabi/lib\libg.a(lib_a-__call_atexit.o) (atexit)
c:/progra~2/gnuarm~1/102021~1.10/bin/../lib/gcc/arm-none-eabi/10.3.1/../../../../arm-none-eabi/lib\libg.a(lib_a-fini.o)
                              c:/progra~2/gnuarm~1/102021~1.10/bin/../lib/gcc/arm-none-eabi/10.3.1/../../../../arm-none-eabi/lib\libg.a(lib_a-__call_atexit.o) (__libc_fini_array)
c:/progra~2/gnuarm~1/102021~1.10/bin/../lib/gcc/arm-none-eabi/10.3.1/../../../../arm-none-eabi/lib\libg.a(lib_a-lock.o)
                              c:/progra~2/gnuarm~1/102021~1.10/bin/../lib/gcc/arm-none-eabi/10.3.1/../../../../arm-none-eabi/lib\libg.a(lib_a-__call_atexit.o) (__retarget_lock_acquire_recursive)
c:/progra~2/gnuarm~1/102021~1.10/bin/../lib/gcc/arm-none-eabi/10.3.1/../../../../arm-none-eabi/lib\libg.a(lib_a-mallocr.o)
                              c:/progra~2/gnuarm~1/102021~1.10/bin/../lib/gcc/arm-none-eabi/10.3.1/../../../../arm-none-eabi/lib\libg.a(lib_a-signal.o) (_malloc_r)
c:/progra~2/gnuarm~1/102021~1.10/bin/../lib/gcc/arm-none-eabi/10.3.1/../../../../arm-none-eabi/lib\libg.a(lib_a-mlock.o)
                              c:/progra~2/gnuarm~1/102021~1.10/bin/../lib/gcc/arm-none-eabi/10.3.1/../../../../arm-none-eabi/lib\libg.a(lib_a-mallocr.o) (__malloc_lock)
c:/progra~2/gnuarm~1/102021~1.10/bin/../lib/gcc/arm-none-eabi/10.3.1/../../../../arm-none-eabi/lib\libg.a(lib_a-reent.o)
                              c:/progra~2/gnuarm~1/102021~1.10/bin/../lib/gcc/arm-none-eabi/10.3.1/../../../../arm-none-eabi/lib\libg.a(lib_a-signalr.o) (errno)
c:/progra~2/gnuarm~1/102021~1.10/bin/../lib/gcc/arm-none-eabi/10.3.1/../../../../arm-none-eabi/lib\libg.a(lib_a-sbrkr.o)
                              c:/progra~2/gnuarm~1/102021~1.10/bin/../lib/gcc/arm-none-eabi/10.3.1/../../../../arm-none-eabi/lib\libg.a(lib_a-mallocr.o) (_sbrk_r)
c:/progra~2/gnuarm~1/102021~1.10/bin/../lib/gcc/arm-none-eabi/10.3.1/../../../../arm-none-eabi/lib\libg.a(lib_a-__atexit.o)
                              c:/progra~2/gnuarm~1/102021~1.10/bin/../lib/gcc/arm-none-eabi/10.3.1/../../../../arm-none-eabi/lib\libg.a(lib_a-atexit.o) (__register_exitproc)
c:/progra~2/gnuarm~1/102021~1.10/bin/../lib/gcc/arm-none-eabi/10.3.1/../../../../arm-none-eabi/lib\libg.a(lib_a-freer.o)
                              c:/progra~2/gnuarm~1/102021~1.10/bin/../lib/gcc/arm-none-eabi/10.3.1/../../../../arm-none-eabi/lib\libg.a(lib_a-mallocr.o) (_free_r)

Memory Configuration

Name             Origin             Length             Attributes
RAM              0x20000000         0x00005000         xrw
FLASH            0x08000000         0x00010000         xr
*default*        0x00000000         0xffffffff

Linker script and memory map

LOAD c:/progra~2/gnuarm~1/102021~1.10/bin/../lib/gcc/arm-none-eabi/10.3.1/crti.o
LOAD c:/progra~2/gnuarm~1/102021~1.10/bin/../lib/gcc/arm-none-eabi/10.3.1/crtbegin.o
LOAD c:/progra~2/gnuarm~1/102021~1.10/bin/../lib/gcc/arm-none-eabi/10.3.1/../../../../arm-none-eabi/lib/crt0.o
LOAD src/CMakeFiles/imit_flame.elf.dir/gpio.cpp.obj
LOAD src/CMakeFiles/imit_flame.elf.dir/delay.cpp.obj
LOAD src/CMakeFiles/imit_flame.elf.dir/hardware_config.cpp.obj
LOAD src/CMakeFiles/imit_flame.elf.dir/main.cpp.obj
LOAD src/CMakeFiles/imit_flame.elf.dir/CMSIS/Core/Src/syscalls.c.obj
LOAD src/CMakeFiles/imit_flame.elf.dir/CMSIS/Core/Src/sysmem.c.obj
LOAD src/CMakeFiles/imit_flame.elf.dir/CMSIS/Core/Src/system_stm32f1xx.c.obj
LOAD src/CMakeFiles/imit_flame.elf.dir/CMSIS/Core/Startup/startup_stm32f103xb.s.obj
LOAD src/CMSIS/libcmsis.a
LOAD c:/progra~2/gnuarm~1/102021~1.10/bin/../lib/gcc/arm-none-eabi/10.3.1/../../../../arm-none-eabi/lib\libstdc++.a
LOAD c:/progra~2/gnuarm~1/102021~1.10/bin/../lib/gcc/arm-none-eabi/10.3.1/../../../../arm-none-eabi/lib\libm.a
START GROUP
LOAD c:/progra~2/gnuarm~1/102021~1.10/bin/../lib/gcc/arm-none-eabi/10.3.1\libgcc.a
LOAD c:/progra~2/gnuarm~1/102021~1.10/bin/../lib/gcc/arm-none-eabi/10.3.1/../../../../arm-none-eabi/lib\libg.a
LOAD c:/progra~2/gnuarm~1/102021~1.10/bin/../lib/gcc/arm-none-eabi/10.3.1/../../../../arm-none-eabi/lib\libc.a
END GROUP
LOAD c:/progra~2/gnuarm~1/102021~1.10/bin/../lib/gcc/arm-none-eabi/10.3.1/crtend.o
LOAD c:/progra~2/gnuarm~1/102021~1.10/bin/../lib/gcc/arm-none-eabi/10.3.1/crtn.o
                0x20005000                _estack = 0x20005000
                0x00000200                _Min_Heap_Size = 0x200
                0x00000400                _Min_Stack_Size = 0x400

.isr_vector     0x08000000      0x10c
                0x08000000                . = ALIGN (0x4)
 *(.isr_vector)
 .isr_vector    0x08000000      0x10c src/CMakeFiles/imit_flame.elf.dir/CMSIS/Core/Startup/startup_stm32f103xb.s.obj
                0x08000000                g_pfnVectors
                0x0800010c                . = ALIGN (0x4)

.text           0x0800010c     0x3dc0
                0x0800010c                . = ALIGN (0x4)
 *(.text)
 .text          0x0800010c        0x0 c:/progra~2/gnuarm~1/102021~1.10/bin/../lib/gcc/arm-none-eabi/10.3.1/crti.o
 .text          0x0800010c       0x70 c:/progra~2/gnuarm~1/102021~1.10/bin/../lib/gcc/arm-none-eabi/10.3.1/crtbegin.o
 .text          0x0800017c      0x138 c:/progra~2/gnuarm~1/102021~1.10/bin/../lib/gcc/arm-none-eabi/10.3.1/../../../../arm-none-eabi/lib/crt0.o
                0x0800017c                _stack_init
                0x08000204                _start
                0x08000204                _mainCRTStartup
 .text          0x080002b4      0x27c src/CMakeFiles/imit_flame.elf.dir/gpio.cpp.obj
                0x080002b4                gpio::Set_pin_H(GPIO_TypeDef*, unsigned char)
                0x080002f8                gpio::Set_pin_L(GPIO_TypeDef*, unsigned char)
                0x08000340                gpio::gpio_conf(GPIO_TypeDef*, unsigned long, unsigned char)
                0x0800044c                gpio::set_pin_state(GPIO_TypeDef*, unsigned char, unsigned char)
                0x080004c8                gpio::get_state_pin(GPIO_TypeDef*, unsigned char)
 .text          0x08000530      0x178 src/CMakeFiles/imit_flame.elf.dir/delay.cpp.obj
                0x08000530                delay_us(unsigned long)
                0x080005e4                delay_ms(unsigned long)
 .text          0x080006a8       0xe0 src/CMakeFiles/imit_flame.elf.dir/hardware_config.cpp.obj
                0x080006a8                gpio_init()
 .text          0x08000788      0x104 src/CMakeFiles/imit_flame.elf.dir/main.cpp.obj
                0x08000788                SystemInit
                0x08000824                main
                0x08000868                HardFault_Handler
 .text          0x0800088c      0x39c src/CMakeFiles/imit_flame.elf.dir/CMSIS/Core/Src/syscalls.c.obj
                0x0800088c                initialise_monitor_handles
                0x080008a4                _getpid
                0x080008c0                _kill
                0x080008f8                _exit
                0x08000918                _read
                0x08000988                _write
                0x080009f4                _close
                0x08000a18                _fstat
                0x08000a4c                _isatty
                0x08000a70                _lseek
                0x08000a9c                _open
                0x08000ac8                _wait
                0x08000afc                _unlink
                0x08000b30                _times
                0x08000b54                _stat
                0x08000b88                _link
                0x08000bc0                _fork
                0x08000bec                _execve
 .text          0x08000c28       0xc0 src/CMakeFiles/imit_flame.elf.dir/CMSIS/Core/Src/sysmem.c.obj
                0x08000c28                _sbrk
 .text          0x08000ce8      0x1d8 src/CMakeFiles/imit_flame.elf.dir/CMSIS/Core/Src/system_stm32f1xx.c.obj
                0x08000ce8                SystemCoreClockUpdate
 .text          0x08000ec0       0x14 src/CMakeFiles/imit_flame.elf.dir/CMSIS/Core/Startup/startup_stm32f103xb.s.obj
 .text          0x08000ed4     0x102c c:/progra~2/gnuarm~1/102021~1.10/bin/../lib/gcc/arm-none-eabi/10.3.1\libgcc.a(unwind-arm.o)
                0x08001348                _Unwind_GetCFA
                0x08001350                __gnu_Unwind_RaiseException
                0x080013fc                __gnu_Unwind_ForcedUnwind
                0x08001424                __gnu_Unwind_Resume
                0x0800149c                __gnu_Unwind_Resume_or_Rethrow
                0x080014b8                _Unwind_Complete
                0x080014bc                _Unwind_DeleteException
                0x080014d4                _Unwind_VRS_Get
                0x08001560                _Unwind_VRS_Set
                0x080015ec                __gnu_Unwind_Backtrace
                0x08001af4                __aeabi_unwind_cpp_pr0
                0x08001afc                __aeabi_unwind_cpp_pr1
                0x08001b04                __aeabi_unwind_cpp_pr2
                0x08001b0c                _Unwind_VRS_Pop
 .text          0x08001f00      0x1b0 c:/progra~2/gnuarm~1/102021~1.10/bin/../lib/gcc/arm-none-eabi/10.3.1\libgcc.a(libunwind.o)
                0x08001f00                __restore_core_regs
                0x08001f00                restore_core_regs
                0x08001f1c                __gnu_Unwind_Restore_VFP
                0x08001f24                __gnu_Unwind_Save_VFP
                0x08001f2c                __gnu_Unwind_Restore_VFP_D
                0x08001f34                __gnu_Unwind_Save_VFP_D
                0x08001f3c                __gnu_Unwind_Restore_VFP_D_16_to_31
                0x08001f44                __gnu_Unwind_Save_VFP_D_16_to_31
                0x08001f4c                __gnu_Unwind_Restore_WMMXD
                0x08001f90                __gnu_Unwind_Save_WMMXD
                0x08001fd4                __gnu_Unwind_Restore_WMMXC
                0x08001fe8                __gnu_Unwind_Save_WMMXC
                0x08001ffc                ___Unwind_RaiseException
                0x08001ffc                _Unwind_RaiseException
                0x08002020                _Unwind_Resume
                0x08002020                ___Unwind_Resume
                0x08002044                _Unwind_Resume_or_Rethrow
                0x08002044                ___Unwind_Resume_or_Rethrow
                0x08002068                _Unwind_ForcedUnwind
                0x08002068                ___Unwind_ForcedUnwind
                0x0800208c                ___Unwind_Backtrace
                0x0800208c                _Unwind_Backtrace
 .text          0x080020b0      0x530 c:/progra~2/gnuarm~1/102021~1.10/bin/../lib/gcc/arm-none-eabi/10.3.1\libgcc.a(pr-support.o)
                0x08002144                __gnu_unwind_execute
                0x08002560                __gnu_unwind_frame
                0x080025ac                _Unwind_GetRegionStart
                0x080025c0                _Unwind_GetLanguageSpecificData
 .text          0x080025e0        0x0 c:/progra~2/gnuarm~1/102021~1.10/bin/../lib/gcc/arm-none-eabi/10.3.1/../../../../arm-none-eabi/lib\libg.a(lib_a-abort.o)
 .text          0x080025e0        0x0 c:/progra~2/gnuarm~1/102021~1.10/bin/../lib/gcc/arm-none-eabi/10.3.1/../../../../arm-none-eabi/lib\libg.a(lib_a-errno.o)
 .text          0x080025e0        0x0 c:/progra~2/gnuarm~1/102021~1.10/bin/../lib/gcc/arm-none-eabi/10.3.1/../../../../arm-none-eabi/lib\libg.a(lib_a-exit.o)
 .text          0x080025e0        0x0 c:/progra~2/gnuarm~1/102021~1.10/bin/../lib/gcc/arm-none-eabi/10.3.1/../../../../arm-none-eabi/lib\libg.a(lib_a-impure.o)
 .text          0x080025e0        0x0 c:/progra~2/gnuarm~1/102021~1.10/bin/../lib/gcc/arm-none-eabi/10.3.1/../../../../arm-none-eabi/lib\libg.a(lib_a-init.o)
 .text          0x080025e0        0x0 c:/progra~2/gnuarm~1/102021~1.10/bin/../lib/gcc/arm-none-eabi/10.3.1/../../../../arm-none-eabi/lib\libg.a(lib_a-memcpy-stub.o)
 .text          0x080025e0        0x0 c:/progra~2/gnuarm~1/102021~1.10/bin/../lib/gcc/arm-none-eabi/10.3.1/../../../../arm-none-eabi/lib\libg.a(lib_a-memset.o)
 .text          0x080025e0        0x0 c:/progra~2/gnuarm~1/102021~1.10/bin/../lib/gcc/arm-none-eabi/10.3.1/../../../../arm-none-eabi/lib\libg.a(lib_a-signal.o)
 .text          0x080025e0        0x0 c:/progra~2/gnuarm~1/102021~1.10/bin/../lib/gcc/arm-none-eabi/10.3.1/../../../../arm-none-eabi/lib\libg.a(lib_a-signalr.o)
 .text          0x080025e0        0x0 c:/progra~2/gnuarm~1/102021~1.10/bin/../lib/gcc/arm-none-eabi/10.3.1/../../../../arm-none-eabi/lib\libg.a(lib_a-__call_atexit.o)
 .text          0x080025e0        0x0 c:/progra~2/gnuarm~1/102021~1.10/bin/../lib/gcc/arm-none-eabi/10.3.1/../../../../arm-none-eabi/lib\libg.a(lib_a-atexit.o)
 .text          0x080025e0        0x0 c:/progra~2/gnuarm~1/102021~1.10/bin/../lib/gcc/arm-none-eabi/10.3.1/../../../../arm-none-eabi/lib\libg.a(lib_a-fini.o)
 .text          0x080025e0        0x0 c:/progra~2/gnuarm~1/102021~1.10/bin/../lib/gcc/arm-none-eabi/10.3.1/../../../../arm-none-eabi/lib\libg.a(lib_a-lock.o)
 .text          0x080025e0        0x0 c:/progra~2/gnuarm~1/102021~1.10/bin/../lib/gcc/arm-none-eabi/10.3.1/../../../../arm-none-eabi/lib\libg.a(lib_a-mallocr.o)
 .text          0x080025e0        0x0 c:/progra~2/gnuarm~1/102021~1.10/bin/../lib/gcc/arm-none-eabi/10.3.1/../../../../arm-none-eabi/lib\libg.a(lib_a-mlock.o)
 .text          0x080025e0        0x0 c:/progra~2/gnuarm~1/102021~1.10/bin/../lib/gcc/arm-none-eabi/10.3.1/../../../../arm-none-eabi/lib\libg.a(lib_a-reent.o)
 .text          0x080025e0        0x0 c:/progra~2/gnuarm~1/102021~1.10/bin/../lib/gcc/arm-none-eabi/10.3.1/../../../../arm-none-eabi/lib\libg.a(lib_a-sbrkr.o)
 .text          0x080025e0        0x0 c:/progra~2/gnuarm~1/102021~1.10/bin/../lib/gcc/arm-none-eabi/10.3.1/../../../../arm-none-eabi/lib\libg.a(lib_a-__atexit.o)
 .text          0x080025e0        0x0 c:/progra~2/gnuarm~1/102021~1.10/bin/../lib/gcc/arm-none-eabi/10.3.1/../../../../arm-none-eabi/lib\libg.a(lib_a-freer.o)
 .text          0x080025e0        0x0 c:/progra~2/gnuarm~1/102021~1.10/bin/../lib/gcc/arm-none-eabi/10.3.1/crtend.o
 .text          0x080025e0        0x0 c:/progra~2/gnuarm~1/102021~1.10/bin/../lib/gcc/arm-none-eabi/10.3.1/crtn.o
 *(.text*)
 .text.Reset_Handler
                0x080025e0       0x48 src/CMakeFiles/imit_flame.elf.dir/CMSIS/Core/Startup/startup_stm32f103xb.s.obj
                0x080025e0                Reset_Handler
 .text.Default_Handler
                0x08002628        0x2 src/CMakeFiles/imit_flame.elf.dir/CMSIS/Core/Startup/startup_stm32f103xb.s.obj
                0x08002628                RTC_Alarm_IRQHandler
                0x08002628                EXTI2_IRQHandler
                0x08002628                DebugMon_Handler
                0x08002628                TIM1_CC_IRQHandler
                0x08002628                SysTick_Handler
                0x08002628                PVD_IRQHandler
                0x08002628                PendSV_Handler
                0x08002628                NMI_Handler
                0x08002628                EXTI3_IRQHandler
                0x08002628                EXTI0_IRQHandler
                0x08002628                I2C2_EV_IRQHandler
                0x08002628                UsageFault_Handler
                0x08002628                ADC1_2_IRQHandler
                0x08002628                SPI1_IRQHandler
                0x08002628                TAMPER_IRQHandler
                0x08002628                DMA1_Channel4_IRQHandler
                0x08002628                USART3_IRQHandler
                0x08002628                RTC_IRQHandler
                0x08002628                DMA1_Channel7_IRQHandler
                0x08002628                CAN1_RX1_IRQHandler
                0x08002628                TIM4_IRQHandler
                0x08002628                I2C1_EV_IRQHandler
                0x08002628                DMA1_Channel6_IRQHandler
                0x08002628                TIM3_IRQHandler
                0x08002628                RCC_IRQHandler
                0x08002628                TIM1_TRG_COM_IRQHandler
                0x08002628                DMA1_Channel1_IRQHandler
                0x08002628                Default_Handler
                0x08002628                EXTI15_10_IRQHandler
                0x08002628                EXTI9_5_IRQHandler
                0x08002628                SPI2_IRQHandler
                0x08002628                MemManage_Handler
                0x08002628                SVC_Handler
                0x08002628                DMA1_Channel5_IRQHandler
                0x08002628                EXTI4_IRQHandler
                0x08002628                USB_LP_CAN1_RX0_IRQHandler
                0x08002628                USB_HP_CAN1_TX_IRQHandler
                0x08002628                DMA1_Channel3_IRQHandler
                0x08002628                TIM1_UP_IRQHandler
                0x08002628                WWDG_IRQHandler
                0x08002628                TIM2_IRQHandler
                0x08002628                TIM1_BRK_IRQHandler
                0x08002628                EXTI1_IRQHandler
                0x08002628                USART2_IRQHandler
                0x08002628                I2C2_ER_IRQHandler
                0x08002628                DMA1_Channel2_IRQHandler
                0x08002628                CAN1_SCE_IRQHandler
                0x08002628                FLASH_IRQHandler
                0x08002628                BusFault_Handler
                0x08002628                USART1_IRQHandler
                0x08002628                I2C1_ER_IRQHandler
                0x08002628                USBWakeUp_IRQHandler
 *fill*         0x0800262a        0x2 
 .text.unlikely
                0x0800262c       0x10 c:/progra~2/gnuarm~1/102021~1.10/bin/../lib/gcc/arm-none-eabi/10.3.1\libgcc.a(pr-support.o)
                0x0800262c                _Unwind_GetDataRelBase
                0x08002634                _Unwind_GetTextRelBase
 .text.abort    0x0800263c       0x14 c:/progra~2/gnuarm~1/102021~1.10/bin/../lib/gcc/arm-none-eabi/10.3.1/../../../../arm-none-eabi/lib\libg.a(lib_a-abort.o)
                0x0800263c                abort
 .text.__errno  0x08002650       0x10 c:/progra~2/gnuarm~1/102021~1.10/bin/../lib/gcc/arm-none-eabi/10.3.1/../../../../arm-none-eabi/lib\libg.a(lib_a-errno.o)
                0x08002650                __errno
 .text.exit     0x08002660       0x34 c:/progra~2/gnuarm~1/102021~1.10/bin/../lib/gcc/arm-none-eabi/10.3.1/../../../../arm-none-eabi/lib\libg.a(lib_a-exit.o)
                0x08002660                exit
 .text.__libc_init_array
                0x08002694       0x88 c:/progra~2/gnuarm~1/102021~1.10/bin/../lib/gcc/arm-none-eabi/10.3.1/../../../../arm-none-eabi/lib\libg.a(lib_a-init.o)
                0x08002694                __libc_init_array
 .text.memcpy   0x0800271c      0x120 c:/progra~2/gnuarm~1/102021~1.10/bin/../lib/gcc/arm-none-eabi/10.3.1/../../../../arm-none-eabi/lib\libg.a(lib_a-memcpy-stub.o)
                0x0800271c                memcpy
 .text.memset   0x0800283c      0x11c c:/progra~2/gnuarm~1/102021~1.10/bin/../lib/gcc/arm-none-eabi/10.3.1/../../../../arm-none-eabi/lib\libg.a(lib_a-memset.o)
                0x0800283c                memset
 .text._init_signal_r
                0x08002958       0x54 c:/progra~2/gnuarm~1/102021~1.10/bin/../lib/gcc/arm-none-eabi/10.3.1/../../../../arm-none-eabi/lib\libg.a(lib_a-signal.o)
                0x08002958                _init_signal_r
 .text._signal_r
                0x080029ac       0x7c c:/progra~2/gnuarm~1/102021~1.10/bin/../lib/gcc/arm-none-eabi/10.3.1/../../../../arm-none-eabi/lib\libg.a(lib_a-signal.o)
                0x080029ac                _signal_r
 .text._raise_r
                0x08002a28       0x98 c:/progra~2/gnuarm~1/102021~1.10/bin/../lib/gcc/arm-none-eabi/10.3.1/../../../../arm-none-eabi/lib\libg.a(lib_a-signal.o)
                0x08002a28                _raise_r
 .text.__sigtramp_r
                0x08002ac0       0xb4 c:/progra~2/gnuarm~1/102021~1.10/bin/../lib/gcc/arm-none-eabi/10.3.1/../../../../arm-none-eabi/lib\libg.a(lib_a-signal.o)
                0x08002ac0                __sigtramp_r
 .text.raise    0x08002b74       0x9c c:/progra~2/gnuarm~1/102021~1.10/bin/../lib/gcc/arm-none-eabi/10.3.1/../../../../arm-none-eabi/lib\libg.a(lib_a-signal.o)
                0x08002b74                raise
 .text.signal   0x08002c10       0x88 c:/progra~2/gnuarm~1/102021~1.10/bin/../lib/gcc/arm-none-eabi/10.3.1/../../../../arm-none-eabi/lib\libg.a(lib_a-signal.o)
                0x08002c10                signal
 .text._init_signal
                0x08002c98       0x60 c:/progra~2/gnuarm~1/102021~1.10/bin/../lib/gcc/arm-none-eabi/10.3.1/../../../../arm-none-eabi/lib\libg.a(lib_a-signal.o)
                0x08002c98                _init_signal
 .text.__sigtramp
                0x08002cf8       0xb8 c:/progra~2/gnuarm~1/102021~1.10/bin/../lib/gcc/arm-none-eabi/10.3.1/../../../../arm-none-eabi/lib\libg.a(lib_a-signal.o)
                0x08002cf8                __sigtramp
 .text._kill_r  0x08002db0       0x40 c:/progra~2/gnuarm~1/102021~1.10/bin/../lib/gcc/arm-none-eabi/10.3.1/../../../../arm-none-eabi/lib\libg.a(lib_a-signalr.o)
                0x08002db0                _kill_r
 .text._getpid_r
                0x08002df0       0x10 c:/progra~2/gnuarm~1/102021~1.10/bin/../lib/gcc/arm-none-eabi/10.3.1/../../../../arm-none-eabi/lib\libg.a(lib_a-signalr.o)
                0x08002df0                _getpid_r
 .text.startup.register_fini
                0x08002e00       0x28 c:/progra~2/gnuarm~1/102021~1.10/bin/../lib/gcc/arm-none-eabi/10.3.1/../../../../arm-none-eabi/lib\libg.a(lib_a-__call_atexit.o)
 .text.__call_exitprocs
                0x08002e28      0x138 c:/progra~2/gnuarm~1/102021~1.10/bin/../lib/gcc/arm-none-eabi/10.3.1/../../../../arm-none-eabi/lib\libg.a(lib_a-__call_atexit.o)
                0x08002e28                __call_exitprocs
 .text.atexit   0x08002f60       0x20 c:/progra~2/gnuarm~1/102021~1.10/bin/../lib/gcc/arm-none-eabi/10.3.1/../../../../arm-none-eabi/lib\libg.a(lib_a-atexit.o)
                0x08002f60                atexit
 .text.__libc_fini_array
                0x08002f80       0x44 c:/progra~2/gnuarm~1/102021~1.10/bin/../lib/gcc/arm-none-eabi/10.3.1/../../../../arm-none-eabi/lib\libg.a(lib_a-fini.o)
                0x08002f80                __libc_fini_array
 .text.__retarget_lock_init
                0x08002fc4        0x4 c:/progra~2/gnuarm~1/102021~1.10/bin/../lib/gcc/arm-none-eabi/10.3.1/../../../../arm-none-eabi/lib\libg.a(lib_a-lock.o)
                0x08002fc4                __retarget_lock_init
 .text.__retarget_lock_init_recursive
                0x08002fc8        0x4 c:/progra~2/gnuarm~1/102021~1.10/bin/../lib/gcc/arm-none-eabi/10.3.1/../../../../arm-none-eabi/lib\libg.a(lib_a-lock.o)
                0x08002fc8                __retarget_lock_init_recursive
 .text.__retarget_lock_close
                0x08002fcc        0x4 c:/progra~2/gnuarm~1/102021~1.10/bin/../lib/gcc/arm-none-eabi/10.3.1/../../../../arm-none-eabi/lib\libg.a(lib_a-lock.o)
                0x08002fcc                __retarget_lock_close
 .text.__retarget_lock_close_recursive
                0x08002fd0        0x4 c:/progra~2/gnuarm~1/102021~1.10/bin/../lib/gcc/arm-none-eabi/10.3.1/../../../../arm-none-eabi/lib\libg.a(lib_a-lock.o)
                0x08002fd0                __retarget_lock_close_recursive
 .text.__retarget_lock_acquire
                0x08002fd4        0x4 c:/progra~2/gnuarm~1/102021~1.10/bin/../lib/gcc/arm-none-eabi/10.3.1/../../../../arm-none-eabi/lib\libg.a(lib_a-lock.o)
                0x08002fd4                __retarget_lock_acquire
 .text.__retarget_lock_acquire_recursive
                0x08002fd8        0x4 c:/progra~2/gnuarm~1/102021~1.10/bin/../lib/gcc/arm-none-eabi/10.3.1/../../../../arm-none-eabi/lib\libg.a(lib_a-lock.o)
                0x08002fd8                __retarget_lock_acquire_recursive
 .text.__retarget_lock_try_acquire
                0x08002fdc        0x8 c:/progra~2/gnuarm~1/102021~1.10/bin/../lib/gcc/arm-none-eabi/10.3.1/../../../../arm-none-eabi/lib\libg.a(lib_a-lock.o)
                0x08002fdc                __retarget_lock_try_acquire
 .text.__retarget_lock_try_acquire_recursive
                0x08002fe4        0x8 c:/progra~2/gnuarm~1/102021~1.10/bin/../lib/gcc/arm-none-eabi/10.3.1/../../../../arm-none-eabi/lib\libg.a(lib_a-lock.o)
                0x08002fe4                __retarget_lock_try_acquire_recursive
 .text.__retarget_lock_release
                0x08002fec        0x4 c:/progra~2/gnuarm~1/102021~1.10/bin/../lib/gcc/arm-none-eabi/10.3.1/../../../../arm-none-eabi/lib\libg.a(lib_a-lock.o)
                0x08002fec                __retarget_lock_release
 .text.__retarget_lock_release_recursive
                0x08002ff0        0x4 c:/progra~2/gnuarm~1/102021~1.10/bin/../lib/gcc/arm-none-eabi/10.3.1/../../../../arm-none-eabi/lib\libg.a(lib_a-lock.o)
                0x08002ff0                __retarget_lock_release_recursive
 .text._malloc_r
                0x08002ff4      0x810 c:/progra~2/gnuarm~1/102021~1.10/bin/../lib/gcc/arm-none-eabi/10.3.1/../../../../arm-none-eabi/lib\libg.a(lib_a-mallocr.o)
                0x08002ff4                _malloc_r
 .text.__malloc_lock
                0x08003804       0x18 c:/progra~2/gnuarm~1/102021~1.10/bin/../lib/gcc/arm-none-eabi/10.3.1/../../../../arm-none-eabi/lib\libg.a(lib_a-mlock.o)
                0x08003804                __malloc_lock
 .text.__malloc_unlock
                0x0800381c       0x18 c:/progra~2/gnuarm~1/102021~1.10/bin/../lib/gcc/arm-none-eabi/10.3.1/../../../../arm-none-eabi/lib\libg.a(lib_a-mlock.o)
                0x0800381c                __malloc_unlock
 .text.cleanup_glue
                0x08003834       0x74 c:/progra~2/gnuarm~1/102021~1.10/bin/../lib/gcc/arm-none-eabi/10.3.1/../../../../arm-none-eabi/lib\libg.a(lib_a-reent.o)
                0x08003834                cleanup_glue
 .text._reclaim_reent
                0x080038a8      0x104 c:/progra~2/gnuarm~1/102021~1.10/bin/../lib/gcc/arm-none-eabi/10.3.1/../../../../arm-none-eabi/lib\libg.a(lib_a-reent.o)
                0x080038a8                _reclaim_reent
 .text._sbrk_r  0x080039ac       0x44 c:/progra~2/gnuarm~1/102021~1.10/bin/../lib/gcc/arm-none-eabi/10.3.1/../../../../arm-none-eabi/lib\libg.a(lib_a-sbrkr.o)
                0x080039ac                _sbrk_r
 .text.__register_exitproc
                0x080039f0       0xbc c:/progra~2/gnuarm~1/102021~1.10/bin/../lib/gcc/arm-none-eabi/10.3.1/../../../../arm-none-eabi/lib\libg.a(lib_a-__atexit.o)
                0x080039f0                __register_exitproc
 .text._malloc_trim_r
                0x08003aac      0x100 c:/progra~2/gnuarm~1/102021~1.10/bin/../lib/gcc/arm-none-eabi/10.3.1/../../../../arm-none-eabi/lib\libg.a(lib_a-freer.o)
                0x08003aac                _malloc_trim_r
 .text._free_r  0x08003bac      0x2ec c:/progra~2/gnuarm~1/102021~1.10/bin/../lib/gcc/arm-none-eabi/10.3.1/../../../../arm-none-eabi/lib\libg.a(lib_a-freer.o)
                0x08003bac                _free_r
 *(.glue_7)
 .glue_7        0x08003e98        0x0 linker stubs
 *(.glue_7t)
 .glue_7t       0x08003e98        0x0 linker stubs
 *(.eh_frame)
 .eh_frame      0x08003e98        0x0 c:/progra~2/gnuarm~1/102021~1.10/bin/../lib/gcc/arm-none-eabi/10.3.1/crtbegin.o
 .eh_frame      0x08003e98        0x4 c:/progra~2/gnuarm~1/102021~1.10/bin/../lib/gcc/arm-none-eabi/10.3.1/crtend.o
 *(.init)
 .init          0x08003e9c        0xc c:/progra~2/gnuarm~1/102021~1.10/bin/../lib/gcc/arm-none-eabi/10.3.1/crti.o
                0x08003e9c                _init
 .init          0x08003ea8        0xc c:/progra~2/gnuarm~1/102021~1.10/bin/../lib/gcc/arm-none-eabi/10.3.1/crtn.o
 *(.fini)
 .fini          0x08003eb4        0xc c:/progra~2/gnuarm~1/102021~1.10/bin/../lib/gcc/arm-none-eabi/10.3.1/crti.o
                0x08003eb4                _fini
 .fini          0x08003ec0        0xc c:/progra~2/gnuarm~1/102021~1.10/bin/../lib/gcc/arm-none-eabi/10.3.1/crtn.o
                0x08003ecc                . = ALIGN (0x4)
                0x08003ecc                _etext = .

.vfp11_veneer   0x08003ecc        0x0
 .vfp11_veneer  0x08003ecc        0x0 linker stubs

.v4_bx          0x08003ecc        0x0
 .v4_bx         0x08003ecc        0x0 linker stubs

.iplt           0x08003ecc        0x0
 .iplt          0x08003ecc        0x0 c:/progra~2/gnuarm~1/102021~1.10/bin/../lib/gcc/arm-none-eabi/10.3.1/crtbegin.o

.rodata         0x08003ecc       0x64
                0x08003ecc                . = ALIGN (0x4)
 *(.rodata)
 .rodata        0x08003ecc       0x24 c:/progra~2/gnuarm~1/102021~1.10/bin/../lib/gcc/arm-none-eabi/10.3.1/crtbegin.o
 .rodata        0x08003ef0       0x18 src/CMakeFiles/imit_flame.elf.dir/CMSIS/Core/Src/system_stm32f1xx.c.obj
                0x08003ef0                AHBPrescTable
                0x08003f00                APBPrescTable
 .rodata        0x08003f08       0x24 c:/progra~2/gnuarm~1/102021~1.10/bin/../lib/gcc/arm-none-eabi/10.3.1/crtend.o
 *(.rodata*)
 .rodata._global_impure_ptr
                0x08003f2c        0x4 c:/progra~2/gnuarm~1/102021~1.10/bin/../lib/gcc/arm-none-eabi/10.3.1/../../../../arm-none-eabi/lib\libg.a(lib_a-impure.o)
                0x08003f2c                _global_impure_ptr
                0x08003f30                . = ALIGN (0x4)

.ARM.extab      0x08003f30       0x18
 *(.ARM.extab* .gnu.linkonce.armextab.*)
 .ARM.extab     0x08003f30        0x0 c:/progra~2/gnuarm~1/102021~1.10/bin/../lib/gcc/arm-none-eabi/10.3.1/../../../../arm-none-eabi/lib/crt0.o
 .ARM.extab     0x08003f30        0x0 src/CMakeFiles/imit_flame.elf.dir/gpio.cpp.obj
 .ARM.extab     0x08003f30        0x0 src/CMakeFiles/imit_flame.elf.dir/delay.cpp.obj
 .ARM.extab     0x08003f30        0xc src/CMakeFiles/imit_flame.elf.dir/hardware_config.cpp.obj
 .ARM.extab     0x08003f3c        0xc src/CMakeFiles/imit_flame.elf.dir/main.cpp.obj
 .ARM.extab     0x08003f48        0x0 c:/progra~2/gnuarm~1/102021~1.10/bin/../lib/gcc/arm-none-eabi/10.3.1\libgcc.a(unwind-arm.o)
 .ARM.extab     0x08003f48        0x0 c:/progra~2/gnuarm~1/102021~1.10/bin/../lib/gcc/arm-none-eabi/10.3.1\libgcc.a(pr-support.o)
 .ARM.extab.text.unlikely
                0x08003f48        0x0 c:/progra~2/gnuarm~1/102021~1.10/bin/../lib/gcc/arm-none-eabi/10.3.1\libgcc.a(pr-support.o)

.ARM            0x08003f48       0xd0
                0x08003f48                __exidx_start = .
 *(.ARM.exidx*)
 .ARM.exidx     0x08003f48        0x8 c:/progra~2/gnuarm~1/102021~1.10/bin/../lib/gcc/arm-none-eabi/10.3.1/../../../../arm-none-eabi/lib/crt0.o
                                 0x10 (size before relaxing)
 .ARM.exidx     0x08003f50        0x0 src/CMakeFiles/imit_flame.elf.dir/gpio.cpp.obj
                                 0x28 (size before relaxing)
 .ARM.exidx     0x08003f50        0x0 src/CMakeFiles/imit_flame.elf.dir/delay.cpp.obj
                                 0x10 (size before relaxing)
 .ARM.exidx     0x08003f50        0x8 src/CMakeFiles/imit_flame.elf.dir/hardware_config.cpp.obj
 .ARM.exidx     0x08003f58       0x18 src/CMakeFiles/imit_flame.elf.dir/main.cpp.obj
 .ARM.exidx     0x08003f70       0x78 c:/progra~2/gnuarm~1/102021~1.10/bin/../lib/gcc/arm-none-eabi/10.3.1\libgcc.a(unwind-arm.o)
                                 0xd8 (size before relaxing)
 .ARM.exidx     0x08003fe8       0x30 c:/progra~2/gnuarm~1/102021~1.10/bin/../lib/gcc/arm-none-eabi/10.3.1\libgcc.a(pr-support.o)
                                 0x38 (size before relaxing)
 .ARM.exidx.text.unlikely
                0x08004018        0x0 c:/progra~2/gnuarm~1/102021~1.10/bin/../lib/gcc/arm-none-eabi/10.3.1\libgcc.a(pr-support.o)
                                 0x10 (size before relaxing)
                0x08004018                __exidx_end = .

.rel.dyn        0x08004018        0x0
 .rel.iplt      0x08004018        0x0 c:/progra~2/gnuarm~1/102021~1.10/bin/../lib/gcc/arm-none-eabi/10.3.1/crtbegin.o

.preinit_array  0x08004018        0x0
                0x08004018                PROVIDE (__preinit_array_start = .)
 *(.preinit_array*)
                0x08004018                PROVIDE (__preinit_array_end = .)

.init_array     0x08004018        0x8
                0x08004018                PROVIDE (__init_array_start = .)
 *(SORT_BY_NAME(.init_array.*))
 .init_array.00000
                0x08004018        0x4 c:/progra~2/gnuarm~1/102021~1.10/bin/../lib/gcc/arm-none-eabi/10.3.1/../../../../arm-none-eabi/lib\libg.a(lib_a-__call_atexit.o)
 *(.init_array*)
 .init_array    0x0800401c        0x4 c:/progra~2/gnuarm~1/102021~1.10/bin/../lib/gcc/arm-none-eabi/10.3.1/crtbegin.o
                0x08004020                PROVIDE (__init_array_end = .)

.fini_array     0x08004020        0x4
                0x08004020                PROVIDE (__fini_array_start = .)
 *(SORT_BY_NAME(.fini_array.*))
 *(.fini_array*)
 .fini_array    0x08004020        0x4 c:/progra~2/gnuarm~1/102021~1.10/bin/../lib/gcc/arm-none-eabi/10.3.1/crtbegin.o
                0x08004024                PROVIDE (__fini_array_end = .)
                0x08004024                _sidata = LOADADDR (.data)

.data           0x20000000      0x864 load address 0x08004024
                0x20000000                . = ALIGN (0x4)
                0x20000000                _sdata = .
 *(.data)
 .data          0x20000000        0x0 c:/progra~2/gnuarm~1/102021~1.10/bin/../lib/gcc/arm-none-eabi/10.3.1/crti.o
 .data          0x20000000        0x4 c:/progra~2/gnuarm~1/102021~1.10/bin/../lib/gcc/arm-none-eabi/10.3.1/crtbegin.o
                0x20000000                __dso_handle
 .data          0x20000004        0x0 c:/progra~2/gnuarm~1/102021~1.10/bin/../lib/gcc/arm-none-eabi/10.3.1/../../../../arm-none-eabi/lib/crt0.o
 .data          0x20000004        0x0 src/CMakeFiles/imit_flame.elf.dir/gpio.cpp.obj
 .data          0x20000004        0x0 src/CMakeFiles/imit_flame.elf.dir/delay.cpp.obj
 .data          0x20000004       0x15 src/CMakeFiles/imit_flame.elf.dir/hardware_config.cpp.obj
                0x20000004                gpio_stm32f103RC
                0x20000014                gpio
 .data          0x20000019        0x0 src/CMakeFiles/imit_flame.elf.dir/main.cpp.obj
 *fill*         0x20000019        0x3 
 .data          0x2000001c        0x4 src/CMakeFiles/imit_flame.elf.dir/CMSIS/Core/Src/syscalls.c.obj
                0x2000001c                environ
 .data          0x20000020        0x0 src/CMakeFiles/imit_flame.elf.dir/CMSIS/Core/Src/sysmem.c.obj
 .data          0x20000020        0x4 src/CMakeFiles/imit_flame.elf.dir/CMSIS/Core/Src/system_stm32f1xx.c.obj
                0x20000020                SystemCoreClock
 .data          0x20000024        0x0 src/CMakeFiles/imit_flame.elf.dir/CMSIS/Core/Startup/startup_stm32f103xb.s.obj
 .data          0x20000024        0x0 c:/progra~2/gnuarm~1/102021~1.10/bin/../lib/gcc/arm-none-eabi/10.3.1\libgcc.a(unwind-arm.o)
 .data          0x20000024        0x0 c:/progra~2/gnuarm~1/102021~1.10/bin/../lib/gcc/arm-none-eabi/10.3.1\libgcc.a(libunwind.o)
 .data          0x20000024        0x0 c:/progra~2/gnuarm~1/102021~1.10/bin/../lib/gcc/arm-none-eabi/10.3.1\libgcc.a(pr-support.o)
 .data          0x20000024        0x0 c:/progra~2/gnuarm~1/102021~1.10/bin/../lib/gcc/arm-none-eabi/10.3.1/../../../../arm-none-eabi/lib\libg.a(lib_a-abort.o)
 .data          0x20000024        0x0 c:/progra~2/gnuarm~1/102021~1.10/bin/../lib/gcc/arm-none-eabi/10.3.1/../../../../arm-none-eabi/lib\libg.a(lib_a-errno.o)
 .data          0x20000024        0x0 c:/progra~2/gnuarm~1/102021~1.10/bin/../lib/gcc/arm-none-eabi/10.3.1/../../../../arm-none-eabi/lib\libg.a(lib_a-exit.o)
 .data          0x20000024        0x0 c:/progra~2/gnuarm~1/102021~1.10/bin/../lib/gcc/arm-none-eabi/10.3.1/../../../../arm-none-eabi/lib\libg.a(lib_a-impure.o)
 .data          0x20000024        0x0 c:/progra~2/gnuarm~1/102021~1.10/bin/../lib/gcc/arm-none-eabi/10.3.1/../../../../arm-none-eabi/lib\libg.a(lib_a-init.o)
 .data          0x20000024        0x0 c:/progra~2/gnuarm~1/102021~1.10/bin/../lib/gcc/arm-none-eabi/10.3.1/../../../../arm-none-eabi/lib\libg.a(lib_a-memcpy-stub.o)
 .data          0x20000024        0x0 c:/progra~2/gnuarm~1/102021~1.10/bin/../lib/gcc/arm-none-eabi/10.3.1/../../../../arm-none-eabi/lib\libg.a(lib_a-memset.o)
 .data          0x20000024        0x0 c:/progra~2/gnuarm~1/102021~1.10/bin/../lib/gcc/arm-none-eabi/10.3.1/../../../../arm-none-eabi/lib\libg.a(lib_a-signal.o)
 .data          0x20000024        0x0 c:/progra~2/gnuarm~1/102021~1.10/bin/../lib/gcc/arm-none-eabi/10.3.1/../../../../arm-none-eabi/lib\libg.a(lib_a-signalr.o)
 .data          0x20000024        0x0 c:/progra~2/gnuarm~1/102021~1.10/bin/../lib/gcc/arm-none-eabi/10.3.1/../../../../arm-none-eabi/lib\libg.a(lib_a-__call_atexit.o)
 .data          0x20000024        0x0 c:/progra~2/gnuarm~1/102021~1.10/bin/../lib/gcc/arm-none-eabi/10.3.1/../../../../arm-none-eabi/lib\libg.a(lib_a-atexit.o)
 .data          0x20000024        0x0 c:/progra~2/gnuarm~1/102021~1.10/bin/../lib/gcc/arm-none-eabi/10.3.1/../../../../arm-none-eabi/lib\libg.a(lib_a-fini.o)
 .data          0x20000024        0x0 c:/progra~2/gnuarm~1/102021~1.10/bin/../lib/gcc/arm-none-eabi/10.3.1/../../../../arm-none-eabi/lib\libg.a(lib_a-lock.o)
 .data          0x20000024        0x0 c:/progra~2/gnuarm~1/102021~1.10/bin/../lib/gcc/arm-none-eabi/10.3.1/../../../../arm-none-eabi/lib\libg.a(lib_a-mallocr.o)
 .data          0x20000024        0x0 c:/progra~2/gnuarm~1/102021~1.10/bin/../lib/gcc/arm-none-eabi/10.3.1/../../../../arm-none-eabi/lib\libg.a(lib_a-mlock.o)
 .data          0x20000024        0x0 c:/progra~2/gnuarm~1/102021~1.10/bin/../lib/gcc/arm-none-eabi/10.3.1/../../../../arm-none-eabi/lib\libg.a(lib_a-reent.o)
 .data          0x20000024        0x0 c:/progra~2/gnuarm~1/102021~1.10/bin/../lib/gcc/arm-none-eabi/10.3.1/../../../../arm-none-eabi/lib\libg.a(lib_a-sbrkr.o)
 .data          0x20000024        0x0 c:/progra~2/gnuarm~1/102021~1.10/bin/../lib/gcc/arm-none-eabi/10.3.1/../../../../arm-none-eabi/lib\libg.a(lib_a-__atexit.o)
 .data          0x20000024        0x0 c:/progra~2/gnuarm~1/102021~1.10/bin/../lib/gcc/arm-none-eabi/10.3.1/../../../../arm-none-eabi/lib\libg.a(lib_a-freer.o)
 .data          0x20000024        0x0 c:/progra~2/gnuarm~1/102021~1.10/bin/../lib/gcc/arm-none-eabi/10.3.1/crtend.o
 .data          0x20000024        0x0 c:/progra~2/gnuarm~1/102021~1.10/bin/../lib/gcc/arm-none-eabi/10.3.1/crtn.o
 *(.data*)
 .data._impure_ptr
                0x20000024        0x4 c:/progra~2/gnuarm~1/102021~1.10/bin/../lib/gcc/arm-none-eabi/10.3.1/../../../../arm-none-eabi/lib\libg.a(lib_a-impure.o)
                0x20000024                _impure_ptr
 .data.impure_data
                0x20000028      0x428 c:/progra~2/gnuarm~1/102021~1.10/bin/../lib/gcc/arm-none-eabi/10.3.1/../../../../arm-none-eabi/lib\libg.a(lib_a-impure.o)
 .data.__atexit_recursive_mutex
                0x20000450        0x4 c:/progra~2/gnuarm~1/102021~1.10/bin/../lib/gcc/arm-none-eabi/10.3.1/../../../../arm-none-eabi/lib\libg.a(lib_a-__call_atexit.o)
                0x20000450                __atexit_recursive_mutex
 .data.__malloc_av_
                0x20000454      0x408 c:/progra~2/gnuarm~1/102021~1.10/bin/../lib/gcc/arm-none-eabi/10.3.1/../../../../arm-none-eabi/lib\libg.a(lib_a-mallocr.o)
                0x20000454                __malloc_av_
 .data.__malloc_sbrk_base
                0x2000085c        0x4 c:/progra~2/gnuarm~1/102021~1.10/bin/../lib/gcc/arm-none-eabi/10.3.1/../../../../arm-none-eabi/lib\libg.a(lib_a-mallocr.o)
                0x2000085c                __malloc_sbrk_base
 .data.__malloc_trim_threshold
                0x20000860        0x4 c:/progra~2/gnuarm~1/102021~1.10/bin/../lib/gcc/arm-none-eabi/10.3.1/../../../../arm-none-eabi/lib\libg.a(lib_a-mallocr.o)
                0x20000860                __malloc_trim_threshold
                0x20000864                . = ALIGN (0x4)
                0x20000864                _edata = .

.igot.plt       0x20000864        0x0 load address 0x08004888
 .igot.plt      0x20000864        0x0 c:/progra~2/gnuarm~1/102021~1.10/bin/../lib/gcc/arm-none-eabi/10.3.1/crtbegin.o
                0x20000864                . = ALIGN (0x4)

.bss            0x20000864       0x80 load address 0x08004888
                0x20000864                _sbss = .
                0x20000864                __bss_start__ = _sbss
 *(.bss)
 .bss           0x20000864        0x0 c:/progra~2/gnuarm~1/102021~1.10/bin/../lib/gcc/arm-none-eabi/10.3.1/crti.o
 .bss           0x20000864       0x1c c:/progra~2/gnuarm~1/102021~1.10/bin/../lib/gcc/arm-none-eabi/10.3.1/crtbegin.o
 .bss           0x20000880        0x0 c:/progra~2/gnuarm~1/102021~1.10/bin/../lib/gcc/arm-none-eabi/10.3.1/../../../../arm-none-eabi/lib/crt0.o
 .bss           0x20000880        0x0 src/CMakeFiles/imit_flame.elf.dir/gpio.cpp.obj
 .bss           0x20000880        0x0 src/CMakeFiles/imit_flame.elf.dir/delay.cpp.obj
 .bss           0x20000880        0x0 src/CMakeFiles/imit_flame.elf.dir/hardware_config.cpp.obj
 .bss           0x20000880        0x0 src/CMakeFiles/imit_flame.elf.dir/main.cpp.obj
 .bss           0x20000880        0x4 src/CMakeFiles/imit_flame.elf.dir/CMSIS/Core/Src/syscalls.c.obj
                0x20000880                __env
 .bss           0x20000884        0x4 src/CMakeFiles/imit_flame.elf.dir/CMSIS/Core/Src/sysmem.c.obj
 .bss           0x20000888        0x0 src/CMakeFiles/imit_flame.elf.dir/CMSIS/Core/Src/system_stm32f1xx.c.obj
 .bss           0x20000888        0x0 src/CMakeFiles/imit_flame.elf.dir/CMSIS/Core/Startup/startup_stm32f103xb.s.obj
 .bss           0x20000888        0x0 c:/progra~2/gnuarm~1/102021~1.10/bin/../lib/gcc/arm-none-eabi/10.3.1\libgcc.a(unwind-arm.o)
 .bss           0x20000888        0x0 c:/progra~2/gnuarm~1/102021~1.10/bin/../lib/gcc/arm-none-eabi/10.3.1\libgcc.a(libunwind.o)
 .bss           0x20000888        0x0 c:/progra~2/gnuarm~1/102021~1.10/bin/../lib/gcc/arm-none-eabi/10.3.1\libgcc.a(pr-support.o)
 .bss           0x20000888        0x0 c:/progra~2/gnuarm~1/102021~1.10/bin/../lib/gcc/arm-none-eabi/10.3.1/../../../../arm-none-eabi/lib\libg.a(lib_a-abort.o)
 .bss           0x20000888        0x0 c:/progra~2/gnuarm~1/102021~1.10/bin/../lib/gcc/arm-none-eabi/10.3.1/../../../../arm-none-eabi/lib\libg.a(lib_a-errno.o)
 .bss           0x20000888        0x0 c:/progra~2/gnuarm~1/102021~1.10/bin/../lib/gcc/arm-none-eabi/10.3.1/../../../../arm-none-eabi/lib\libg.a(lib_a-exit.o)
 .bss           0x20000888        0x0 c:/progra~2/gnuarm~1/102021~1.10/bin/../lib/gcc/arm-none-eabi/10.3.1/../../../../arm-none-eabi/lib\libg.a(lib_a-impure.o)
 .bss           0x20000888        0x0 c:/progra~2/gnuarm~1/102021~1.10/bin/../lib/gcc/arm-none-eabi/10.3.1/../../../../arm-none-eabi/lib\libg.a(lib_a-init.o)
 .bss           0x20000888        0x0 c:/progra~2/gnuarm~1/102021~1.10/bin/../lib/gcc/arm-none-eabi/10.3.1/../../../../arm-none-eabi/lib\libg.a(lib_a-memcpy-stub.o)
 .bss           0x20000888        0x0 c:/progra~2/gnuarm~1/102021~1.10/bin/../lib/gcc/arm-none-eabi/10.3.1/../../../../arm-none-eabi/lib\libg.a(lib_a-memset.o)
 .bss           0x20000888        0x0 c:/progra~2/gnuarm~1/102021~1.10/bin/../lib/gcc/arm-none-eabi/10.3.1/../../../../arm-none-eabi/lib\libg.a(lib_a-signal.o)
 .bss           0x20000888        0x0 c:/progra~2/gnuarm~1/102021~1.10/bin/../lib/gcc/arm-none-eabi/10.3.1/../../../../arm-none-eabi/lib\libg.a(lib_a-signalr.o)
 .bss           0x20000888        0x0 c:/progra~2/gnuarm~1/102021~1.10/bin/../lib/gcc/arm-none-eabi/10.3.1/../../../../arm-none-eabi/lib\libg.a(lib_a-__call_atexit.o)
 .bss           0x20000888        0x0 c:/progra~2/gnuarm~1/102021~1.10/bin/../lib/gcc/arm-none-eabi/10.3.1/../../../../arm-none-eabi/lib\libg.a(lib_a-atexit.o)
 .bss           0x20000888        0x0 c:/progra~2/gnuarm~1/102021~1.10/bin/../lib/gcc/arm-none-eabi/10.3.1/../../../../arm-none-eabi/lib\libg.a(lib_a-fini.o)
 .bss           0x20000888        0x0 c:/progra~2/gnuarm~1/102021~1.10/bin/../lib/gcc/arm-none-eabi/10.3.1/../../../../arm-none-eabi/lib\libg.a(lib_a-lock.o)
 .bss           0x20000888        0x0 c:/progra~2/gnuarm~1/102021~1.10/bin/../lib/gcc/arm-none-eabi/10.3.1/../../../../arm-none-eabi/lib\libg.a(lib_a-mallocr.o)
 .bss           0x20000888        0x0 c:/progra~2/gnuarm~1/102021~1.10/bin/../lib/gcc/arm-none-eabi/10.3.1/../../../../arm-none-eabi/lib\libg.a(lib_a-mlock.o)
 .bss           0x20000888        0x0 c:/progra~2/gnuarm~1/102021~1.10/bin/../lib/gcc/arm-none-eabi/10.3.1/../../../../arm-none-eabi/lib\libg.a(lib_a-reent.o)
 .bss           0x20000888        0x0 c:/progra~2/gnuarm~1/102021~1.10/bin/../lib/gcc/arm-none-eabi/10.3.1/../../../../arm-none-eabi/lib\libg.a(lib_a-sbrkr.o)
 .bss           0x20000888        0x0 c:/progra~2/gnuarm~1/102021~1.10/bin/../lib/gcc/arm-none-eabi/10.3.1/../../../../arm-none-eabi/lib\libg.a(lib_a-__atexit.o)
 .bss           0x20000888        0x0 c:/progra~2/gnuarm~1/102021~1.10/bin/../lib/gcc/arm-none-eabi/10.3.1/../../../../arm-none-eabi/lib\libg.a(lib_a-freer.o)
 .bss           0x20000888        0x0 c:/progra~2/gnuarm~1/102021~1.10/bin/../lib/gcc/arm-none-eabi/10.3.1/crtend.o
 .bss           0x20000888        0x0 c:/progra~2/gnuarm~1/102021~1.10/bin/../lib/gcc/arm-none-eabi/10.3.1/crtn.o
 *(.bss*)
 .bss.__lock___arc4random_mutex
                0x20000888        0x1 c:/progra~2/gnuarm~1/102021~1.10/bin/../lib/gcc/arm-none-eabi/10.3.1/../../../../arm-none-eabi/lib\libg.a(lib_a-lock.o)
                0x20000888                __lock___arc4random_mutex
 *fill*         0x20000889        0x3 
 .bss.__lock___at_quick_exit_mutex
                0x2000088c        0x1 c:/progra~2/gnuarm~1/102021~1.10/bin/../lib/gcc/arm-none-eabi/10.3.1/../../../../arm-none-eabi/lib\libg.a(lib_a-lock.o)
                0x2000088c                __lock___at_quick_exit_mutex
 *fill*         0x2000088d        0x3 
 .bss.__lock___atexit_recursive_mutex
                0x20000890        0x1 c:/progra~2/gnuarm~1/102021~1.10/bin/../lib/gcc/arm-none-eabi/10.3.1/../../../../arm-none-eabi/lib\libg.a(lib_a-lock.o)
                0x20000890                __lock___atexit_recursive_mutex
 *fill*         0x20000891        0x3 
 .bss.__lock___dd_hash_mutex
                0x20000894        0x1 c:/progra~2/gnuarm~1/102021~1.10/bin/../lib/gcc/arm-none-eabi/10.3.1/../../../../arm-none-eabi/lib\libg.a(lib_a-lock.o)
                0x20000894                __lock___dd_hash_mutex
 *fill*         0x20000895        0x3 
 .bss.__lock___env_recursive_mutex
                0x20000898        0x1 c:/progra~2/gnuarm~1/102021~1.10/bin/../lib/gcc/arm-none-eabi/10.3.1/../../../../arm-none-eabi/lib\libg.a(lib_a-lock.o)
                0x20000898                __lock___env_recursive_mutex
 *fill*         0x20000899        0x3 
 .bss.__lock___malloc_recursive_mutex
                0x2000089c        0x1 c:/progra~2/gnuarm~1/102021~1.10/bin/../lib/gcc/arm-none-eabi/10.3.1/../../../../arm-none-eabi/lib\libg.a(lib_a-lock.o)
                0x2000089c                __lock___malloc_recursive_mutex
 *fill*         0x2000089d        0x3 
 .bss.__lock___sfp_recursive_mutex
                0x200008a0        0x1 c:/progra~2/gnuarm~1/102021~1.10/bin/../lib/gcc/arm-none-eabi/10.3.1/../../../../arm-none-eabi/lib\libg.a(lib_a-lock.o)
                0x200008a0                __lock___sfp_recursive_mutex
 *fill*         0x200008a1        0x3 
 .bss.__lock___sinit_recursive_mutex
                0x200008a4        0x1 c:/progra~2/gnuarm~1/102021~1.10/bin/../lib/gcc/arm-none-eabi/10.3.1/../../../../arm-none-eabi/lib\libg.a(lib_a-lock.o)
                0x200008a4                __lock___sinit_recursive_mutex
 *fill*         0x200008a5        0x3 
 .bss.__lock___tz_mutex
                0x200008a8        0x1 c:/progra~2/gnuarm~1/102021~1.10/bin/../lib/gcc/arm-none-eabi/10.3.1/../../../../arm-none-eabi/lib\libg.a(lib_a-lock.o)
                0x200008a8                __lock___tz_mutex
 *fill*         0x200008a9        0x3 
 .bss.__malloc_current_mallinfo
                0x200008ac       0x28 c:/progra~2/gnuarm~1/102021~1.10/bin/../lib/gcc/arm-none-eabi/10.3.1/../../../../arm-none-eabi/lib\libg.a(lib_a-mallocr.o)
                0x200008ac                __malloc_current_mallinfo
 .bss.__malloc_max_sbrked_mem
                0x200008d4        0x4 c:/progra~2/gnuarm~1/102021~1.10/bin/../lib/gcc/arm-none-eabi/10.3.1/../../../../arm-none-eabi/lib\libg.a(lib_a-mallocr.o)
                0x200008d4                __malloc_max_sbrked_mem
 .bss.__malloc_max_total_mem
                0x200008d8        0x4 c:/progra~2/gnuarm~1/102021~1.10/bin/../lib/gcc/arm-none-eabi/10.3.1/../../../../arm-none-eabi/lib\libg.a(lib_a-mallocr.o)
                0x200008d8                __malloc_max_total_mem
 .bss.__malloc_top_pad
                0x200008dc        0x4 c:/progra~2/gnuarm~1/102021~1.10/bin/../lib/gcc/arm-none-eabi/10.3.1/../../../../arm-none-eabi/lib\libg.a(lib_a-mallocr.o)
                0x200008dc                __malloc_top_pad
 .bss.errno     0x200008e0        0x4 c:/progra~2/gnuarm~1/102021~1.10/bin/../lib/gcc/arm-none-eabi/10.3.1/../../../../arm-none-eabi/lib\libg.a(lib_a-reent.o)
                0x200008e0                errno
 *(COMMON)
                0x200008e4                . = ALIGN (0x4)
                0x200008e4                _ebss = .
                0x200008e4                __bss_end__ = _ebss

._user_heap_stack
                0x200008e4      0x600 load address 0x08004888
                0x200008e4                . = ALIGN (0x4)
                [!provide]                PROVIDE (end = .)
                0x200008e4                PROVIDE (_end = .)
                0x20000ae4                . = (. + _Min_Heap_Size)
 *fill*         0x200008e4      0x200 
                0x20000ee4                . = (. + _Min_Stack_Size)
 *fill*         0x20000ae4      0x400 
                0x20000ee4                . = ALIGN (0x4)

/DISCARD/
 libc.a(*)
 libm.a(*)
 libgcc.a(*)

.ARM.attributes
                0x00000000       0x2f
 *(.ARM.attributes)
 .ARM.attributes
                0x00000000       0x1c c:/progra~2/gnuarm~1/102021~1.10/bin/../lib/gcc/arm-none-eabi/10.3.1/crti.o
 .ARM.attributes
                0x0000001c       0x2a c:/progra~2/gnuarm~1/102021~1.10/bin/../lib/gcc/arm-none-eabi/10.3.1/crtbegin.o
 .ARM.attributes
                0x00000046       0x1a c:/progra~2/gnuarm~1/102021~1.10/bin/../lib/gcc/arm-none-eabi/10.3.1/../../../../arm-none-eabi/lib/crt0.o
 .ARM.attributes
                0x00000060       0x2a src/CMakeFiles/imit_flame.elf.dir/gpio.cpp.obj
 .ARM.attributes
                0x0000008a       0x2a src/CMakeFiles/imit_flame.elf.dir/delay.cpp.obj
 .ARM.attributes
                0x000000b4       0x2a src/CMakeFiles/imit_flame.elf.dir/hardware_config.cpp.obj
 .ARM.attributes
                0x000000de       0x2a src/CMakeFiles/imit_flame.elf.dir/main.cpp.obj
 .ARM.attributes
                0x00000108       0x2a src/CMakeFiles/imit_flame.elf.dir/CMSIS/Core/Src/syscalls.c.obj
 .ARM.attributes
                0x00000132       0x2a src/CMakeFiles/imit_flame.elf.dir/CMSIS/Core/Src/sysmem.c.obj
 .ARM.attributes
                0x0000015c       0x2a src/CMakeFiles/imit_flame.elf.dir/CMSIS/Core/Src/system_stm32f1xx.c.obj
 .ARM.attributes
                0x00000186       0x21 src/CMakeFiles/imit_flame.elf.dir/CMSIS/Core/Startup/startup_stm32f103xb.s.obj
 .ARM.attributes
                0x000001a7       0x2a c:/progra~2/gnuarm~1/102021~1.10/bin/../lib/gcc/arm-none-eabi/10.3.1\libgcc.a(unwind-arm.o)
 .ARM.attributes
                0x000001d1       0x1c c:/progra~2/gnuarm~1/102021~1.10/bin/../lib/gcc/arm-none-eabi/10.3.1\libgcc.a(libunwind.o)
 .ARM.attributes
                0x000001ed       0x2a c:/progra~2/gnuarm~1/102021~1.10/bin/../lib/gcc/arm-none-eabi/10.3.1\libgcc.a(pr-support.o)
 .ARM.attributes
                0x00000217       0x2a c:/progra~2/gnuarm~1/102021~1.10/bin/../lib/gcc/arm-none-eabi/10.3.1/../../../../arm-none-eabi/lib\libg.a(lib_a-abort.o)
 .ARM.attributes
                0x00000241       0x2a c:/progra~2/gnuarm~1/102021~1.10/bin/../lib/gcc/arm-none-eabi/10.3.1/../../../../arm-none-eabi/lib\libg.a(lib_a-errno.o)
 .ARM.attributes
                0x0000026b       0x2a c:/progra~2/gnuarm~1/102021~1.10/bin/../lib/gcc/arm-none-eabi/10.3.1/../../../../arm-none-eabi/lib\libg.a(lib_a-exit.o)
 .ARM.attributes
                0x00000295       0x2a c:/progra~2/gnuarm~1/102021~1.10/bin/../lib/gcc/arm-none-eabi/10.3.1/../../../../arm-none-eabi/lib\libg.a(lib_a-impure.o)
 .ARM.attributes
                0x000002bf       0x2a c:/progra~2/gnuarm~1/102021~1.10/bin/../lib/gcc/arm-none-eabi/10.3.1/../../../../arm-none-eabi/lib\libg.a(lib_a-init.o)
 .ARM.attributes
                0x000002e9       0x2a c:/progra~2/gnuarm~1/102021~1.10/bin/../lib/gcc/arm-none-eabi/10.3.1/../../../../arm-none-eabi/lib\libg.a(lib_a-memcpy-stub.o)
 .ARM.attributes
                0x00000313       0x2a c:/progra~2/gnuarm~1/102021~1.10/bin/../lib/gcc/arm-none-eabi/10.3.1/../../../../arm-none-eabi/lib\libg.a(lib_a-memset.o)
 .ARM.attributes
                0x0000033d       0x2a c:/progra~2/gnuarm~1/102021~1.10/bin/../lib/gcc/arm-none-eabi/10.3.1/../../../../arm-none-eabi/lib\libg.a(lib_a-signal.o)
 .ARM.attributes
                0x00000367       0x2a c:/progra~2/gnuarm~1/102021~1.10/bin/../lib/gcc/arm-none-eabi/10.3.1/../../../../arm-none-eabi/lib\libg.a(lib_a-signalr.o)
 .ARM.attributes
                0x00000391       0x2a c:/progra~2/gnuarm~1/102021~1.10/bin/../lib/gcc/arm-none-eabi/10.3.1/../../../../arm-none-eabi/lib\libg.a(lib_a-__call_atexit.o)
 .ARM.attributes
                0x000003bb       0x2a c:/progra~2/gnuarm~1/102021~1.10/bin/../lib/gcc/arm-none-eabi/10.3.1/../../../../arm-none-eabi/lib\libg.a(lib_a-atexit.o)
 .ARM.attributes
                0x000003e5       0x2a c:/progra~2/gnuarm~1/102021~1.10/bin/../lib/gcc/arm-none-eabi/10.3.1/../../../../arm-none-eabi/lib\libg.a(lib_a-fini.o)
 .ARM.attributes
                0x0000040f       0x2a c:/progra~2/gnuarm~1/102021~1.10/bin/../lib/gcc/arm-none-eabi/10.3.1/../../../../arm-none-eabi/lib\libg.a(lib_a-lock.o)
 .ARM.attributes
                0x00000439       0x2a c:/progra~2/gnuarm~1/102021~1.10/bin/../lib/gcc/arm-none-eabi/10.3.1/../../../../arm-none-eabi/lib\libg.a(lib_a-mallocr.o)
 .ARM.attributes
                0x00000463       0x2a c:/progra~2/gnuarm~1/102021~1.10/bin/../lib/gcc/arm-none-eabi/10.3.1/../../../../arm-none-eabi/lib\libg.a(lib_a-mlock.o)
 .ARM.attributes
                0x0000048d       0x2a c:/progra~2/gnuarm~1/102021~1.10/bin/../lib/gcc/arm-none-eabi/10.3.1/../../../../arm-none-eabi/lib\libg.a(lib_a-reent.o)
 .ARM.attributes
                0x000004b7       0x2a c:/progra~2/gnuarm~1/102021~1.10/bin/../lib/gcc/arm-none-eabi/10.3.1/../../../../arm-none-eabi/lib\libg.a(lib_a-sbrkr.o)
 .ARM.attributes
                0x000004e1       0x2a c:/progra~2/gnuarm~1/102021~1.10/bin/../lib/gcc/arm-none-eabi/10.3.1/../../../../arm-none-eabi/lib\libg.a(lib_a-__atexit.o)
 .ARM.attributes
                0x0000050b       0x2a c:/progra~2/gnuarm~1/102021~1.10/bin/../lib/gcc/arm-none-eabi/10.3.1/../../../../arm-none-eabi/lib\libg.a(lib_a-freer.o)
 .ARM.attributes
                0x00000535       0x2a c:/progra~2/gnuarm~1/102021~1.10/bin/../lib/gcc/arm-none-eabi/10.3.1/crtend.o
 .ARM.attributes
                0x0000055f       0x1c c:/progra~2/gnuarm~1/102021~1.10/bin/../lib/gcc/arm-none-eabi/10.3.1/crtn.o
OUTPUT(imit_flame.elf elf32-littlearm)
LOAD linker stubs
LOAD c:/progra~2/gnuarm~1/102021~1.10/bin/../lib/gcc/arm-none-eabi/10.3.1/../../../../arm-none-eabi/lib\libc.a
LOAD c:/progra~2/gnuarm~1/102021~1.10/bin/../lib/gcc/arm-none-eabi/10.3.1/../../../../arm-none-eabi/lib\libm.a
LOAD c:/progra~2/gnuarm~1/102021~1.10/bin/../lib/gcc/arm-none-eabi/10.3.1\libgcc.a

.debug_info     0x00000000     0x1804
 .debug_info    0x00000000      0x4f8 src/CMakeFiles/imit_flame.elf.dir/gpio.cpp.obj
 .debug_info    0x000004f8      0x108 src/CMakeFiles/imit_flame.elf.dir/delay.cpp.obj
 .debug_info    0x00000600      0x3df src/CMakeFiles/imit_flame.elf.dir/hardware_config.cpp.obj
 .debug_info    0x000009df      0x3de src/CMakeFiles/imit_flame.elf.dir/main.cpp.obj
 .debug_info    0x00000dbd      0x6ae src/CMakeFiles/imit_flame.elf.dir/CMSIS/Core/Src/syscalls.c.obj
 .debug_info    0x0000146b      0x15b src/CMakeFiles/imit_flame.elf.dir/CMSIS/Core/Src/sysmem.c.obj
 .debug_info    0x000015c6      0x21c src/CMakeFiles/imit_flame.elf.dir/CMSIS/Core/Src/system_stm32f1xx.c.obj
 .debug_info    0x000017e2       0x22 src/CMakeFiles/imit_flame.elf.dir/CMSIS/Core/Startup/startup_stm32f103xb.s.obj

.debug_abbrev   0x00000000      0x879
 .debug_abbrev  0x00000000      0x1a2 src/CMakeFiles/imit_flame.elf.dir/gpio.cpp.obj
 .debug_abbrev  0x000001a2       0x91 src/CMakeFiles/imit_flame.elf.dir/delay.cpp.obj
 .debug_abbrev  0x00000233      0x17e src/CMakeFiles/imit_flame.elf.dir/hardware_config.cpp.obj
 .debug_abbrev  0x000003b1      0x17a src/CMakeFiles/imit_flame.elf.dir/main.cpp.obj
 .debug_abbrev  0x0000052b      0x17d src/CMakeFiles/imit_flame.elf.dir/CMSIS/Core/Src/syscalls.c.obj
 .debug_abbrev  0x000006a8       0xa3 src/CMakeFiles/imit_flame.elf.dir/CMSIS/Core/Src/sysmem.c.obj
 .debug_abbrev  0x0000074b      0x11c src/CMakeFiles/imit_flame.elf.dir/CMSIS/Core/Src/system_stm32f1xx.c.obj
 .debug_abbrev  0x00000867       0x12 src/CMakeFiles/imit_flame.elf.dir/CMSIS/Core/Startup/startup_stm32f103xb.s.obj

.debug_aranges  0x00000000      0x108
 .debug_aranges
                0x00000000       0x20 src/CMakeFiles/imit_flame.elf.dir/gpio.cpp.obj
 .debug_aranges
                0x00000020       0x20 src/CMakeFiles/imit_flame.elf.dir/delay.cpp.obj
 .debug_aranges
                0x00000040       0x20 src/CMakeFiles/imit_flame.elf.dir/hardware_config.cpp.obj
 .debug_aranges
                0x00000060       0x20 src/CMakeFiles/imit_flame.elf.dir/main.cpp.obj
 .debug_aranges
                0x00000080       0x20 src/CMakeFiles/imit_flame.elf.dir/CMSIS/Core/Src/syscalls.c.obj
 .debug_aranges
                0x000000a0       0x20 src/CMakeFiles/imit_flame.elf.dir/CMSIS/Core/Src/sysmem.c.obj
 .debug_aranges
                0x000000c0       0x20 src/CMakeFiles/imit_flame.elf.dir/CMSIS/Core/Src/system_stm32f1xx.c.obj
 .debug_aranges
                0x000000e0       0x28 src/CMakeFiles/imit_flame.elf.dir/CMSIS/Core/Startup/startup_stm32f103xb.s.obj

.debug_line     0x00000000      0xd66
 .debug_line    0x00000000      0x20b src/CMakeFiles/imit_flame.elf.dir/gpio.cpp.obj
 .debug_line    0x0000020b      0x145 src/CMakeFiles/imit_flame.elf.dir/delay.cpp.obj
 .debug_line    0x00000350      0x1bf src/CMakeFiles/imit_flame.elf.dir/hardware_config.cpp.obj
 .debug_line    0x0000050f      0x1ab src/CMakeFiles/imit_flame.elf.dir/main.cpp.obj
 .debug_line    0x000006ba      0x249 src/CMakeFiles/imit_flame.elf.dir/CMSIS/Core/Src/syscalls.c.obj
 .debug_line    0x00000903      0x191 src/CMakeFiles/imit_flame.elf.dir/CMSIS/Core/Src/sysmem.c.obj
 .debug_line    0x00000a94      0x220 src/CMakeFiles/imit_flame.elf.dir/CMSIS/Core/Src/system_stm32f1xx.c.obj
 .debug_line    0x00000cb4       0xb2 src/CMakeFiles/imit_flame.elf.dir/CMSIS/Core/Startup/startup_stm32f103xb.s.obj

.debug_str      0x00000000      0x9a0
 .debug_str     0x00000000      0x3b6 src/CMakeFiles/imit_flame.elf.dir/gpio.cpp.obj
                                0x41f (size before relaxing)
 .debug_str     0x000003b6       0x89 src/CMakeFiles/imit_flame.elf.dir/delay.cpp.obj
                                0x1b3 (size before relaxing)
 .debug_str     0x0000043f       0xc5 src/CMakeFiles/imit_flame.elf.dir/hardware_config.cpp.obj
                                0x46d (size before relaxing)
 .debug_str     0x00000504       0x58 src/CMakeFiles/imit_flame.elf.dir/main.cpp.obj
                                0x437 (size before relaxing)
 .debug_str     0x0000055c      0x298 src/CMakeFiles/imit_flame.elf.dir/CMSIS/Core/Src/syscalls.c.obj
                                0x3a7 (size before relaxing)
 .debug_str     0x000007f4       0xa5 src/CMakeFiles/imit_flame.elf.dir/CMSIS/Core/Src/sysmem.c.obj
                                0x1ed (size before relaxing)
 .debug_str     0x00000899       0xa3 src/CMakeFiles/imit_flame.elf.dir/CMSIS/Core/Src/system_stm32f1xx.c.obj
                                0x21a (size before relaxing)
 .debug_str     0x0000093c       0x64 src/CMakeFiles/imit_flame.elf.dir/CMSIS/Core/Startup/startup_stm32f103xb.s.obj
                                 0x93 (size before relaxing)

.comment        0x00000000       0x49
 .comment       0x00000000       0x49 src/CMakeFiles/imit_flame.elf.dir/gpio.cpp.obj
                                 0x4a (size before relaxing)
 .comment       0x00000049       0x4a src/CMakeFiles/imit_flame.elf.dir/delay.cpp.obj
 .comment       0x00000049       0x4a src/CMakeFiles/imit_flame.elf.dir/hardware_config.cpp.obj
 .comment       0x00000049       0x4a src/CMakeFiles/imit_flame.elf.dir/main.cpp.obj
 .comment       0x00000049       0x4a src/CMakeFiles/imit_flame.elf.dir/CMSIS/Core/Src/syscalls.c.obj
 .comment       0x00000049       0x4a src/CMakeFiles/imit_flame.elf.dir/CMSIS/Core/Src/sysmem.c.obj
 .comment       0x00000049       0x4a src/CMakeFiles/imit_flame.elf.dir/CMSIS/Core/Src/system_stm32f1xx.c.obj

.debug_frame    0x00000000      0xf58
 .debug_frame   0x00000000       0xb4 src/CMakeFiles/imit_flame.elf.dir/gpio.cpp.obj
 .debug_frame   0x000000b4       0x50 src/CMakeFiles/imit_flame.elf.dir/delay.cpp.obj
 .debug_frame   0x00000104       0x38 src/CMakeFiles/imit_flame.elf.dir/hardware_config.cpp.obj
 .debug_frame   0x0000013c       0x64 src/CMakeFiles/imit_flame.elf.dir/main.cpp.obj
 .debug_frame   0x000001a0      0x27c src/CMakeFiles/imit_flame.elf.dir/CMSIS/Core/Src/syscalls.c.obj
 .debug_frame   0x0000041c       0x38 src/CMakeFiles/imit_flame.elf.dir/CMSIS/Core/Src/sysmem.c.obj
 .debug_frame   0x00000454       0x30 src/CMakeFiles/imit_flame.elf.dir/CMSIS/Core/Src/system_stm32f1xx.c.obj
 .debug_frame   0x00000484      0x36c c:/progra~2/gnuarm~1/102021~1.10/bin/../lib/gcc/arm-none-eabi/10.3.1\libgcc.a(unwind-arm.o)
 .debug_frame   0x000007f0      0x110 c:/progra~2/gnuarm~1/102021~1.10/bin/../lib/gcc/arm-none-eabi/10.3.1\libgcc.a(pr-support.o)
 .debug_frame   0x00000900       0x28 c:/progra~2/gnuarm~1/102021~1.10/bin/../lib/gcc/arm-none-eabi/10.3.1/../../../../arm-none-eabi/lib\libg.a(lib_a-abort.o)
 .debug_frame   0x00000928       0x20 c:/progra~2/gnuarm~1/102021~1.10/bin/../lib/gcc/arm-none-eabi/10.3.1/../../../../arm-none-eabi/lib\libg.a(lib_a-errno.o)
 .debug_frame   0x00000948       0x28 c:/progra~2/gnuarm~1/102021~1.10/bin/../lib/gcc/arm-none-eabi/10.3.1/../../../../arm-none-eabi/lib\libg.a(lib_a-exit.o)
 .debug_frame   0x00000970       0x34 c:/progra~2/gnuarm~1/102021~1.10/bin/../lib/gcc/arm-none-eabi/10.3.1/../../../../arm-none-eabi/lib\libg.a(lib_a-init.o)
 .debug_frame   0x000009a4       0x38 c:/progra~2/gnuarm~1/102021~1.10/bin/../lib/gcc/arm-none-eabi/10.3.1/../../../../arm-none-eabi/lib\libg.a(lib_a-memcpy-stub.o)
 .debug_frame   0x000009dc       0x48 c:/progra~2/gnuarm~1/102021~1.10/bin/../lib/gcc/arm-none-eabi/10.3.1/../../../../arm-none-eabi/lib\libg.a(lib_a-memset.o)
 .debug_frame   0x00000a24      0x15c c:/progra~2/gnuarm~1/102021~1.10/bin/../lib/gcc/arm-none-eabi/10.3.1/../../../../arm-none-eabi/lib\libg.a(lib_a-signal.o)
 .debug_frame   0x00000b80       0x50 c:/progra~2/gnuarm~1/102021~1.10/bin/../lib/gcc/arm-none-eabi/10.3.1/../../../../arm-none-eabi/lib\libg.a(lib_a-signalr.o)
 .debug_frame   0x00000bd0       0x68 c:/progra~2/gnuarm~1/102021~1.10/bin/../lib/gcc/arm-none-eabi/10.3.1/../../../../arm-none-eabi/lib\libg.a(lib_a-__call_atexit.o)
 .debug_frame   0x00000c38       0x2c c:/progra~2/gnuarm~1/102021~1.10/bin/../lib/gcc/arm-none-eabi/10.3.1/../../../../arm-none-eabi/lib\libg.a(lib_a-atexit.o)
 .debug_frame   0x00000c64       0x34 c:/progra~2/gnuarm~1/102021~1.10/bin/../lib/gcc/arm-none-eabi/10.3.1/../../../../arm-none-eabi/lib\libg.a(lib_a-fini.o)
 .debug_frame   0x00000c98       0xb0 c:/progra~2/gnuarm~1/102021~1.10/bin/../lib/gcc/arm-none-eabi/10.3.1/../../../../arm-none-eabi/lib\libg.a(lib_a-lock.o)
 .debug_frame   0x00000d48       0x84 c:/progra~2/gnuarm~1/102021~1.10/bin/../lib/gcc/arm-none-eabi/10.3.1/../../../../arm-none-eabi/lib\libg.a(lib_a-mallocr.o)
 .debug_frame   0x00000dcc       0x48 c:/progra~2/gnuarm~1/102021~1.10/bin/../lib/gcc/arm-none-eabi/10.3.1/../../../../arm-none-eabi/lib\libg.a(lib_a-mlock.o)
 .debug_frame   0x00000e14       0x5c c:/progra~2/gnuarm~1/102021~1.10/bin/../lib/gcc/arm-none-eabi/10.3.1/../../../../arm-none-eabi/lib\libg.a(lib_a-reent.o)
 .debug_frame   0x00000e70       0x3c c:/progra~2/gnuarm~1/102021~1.10/bin/../lib/gcc/arm-none-eabi/10.3.1/../../../../arm-none-eabi/lib\libg.a(lib_a-sbrkr.o)
 .debug_frame   0x00000eac       0x3c c:/progra~2/gnuarm~1/102021~1.10/bin/../lib/gcc/arm-none-eabi/10.3.1/../../../../arm-none-eabi/lib\libg.a(lib_a-__atexit.o)
 .debug_frame   0x00000ee8       0x70 c:/progra~2/gnuarm~1/102021~1.10/bin/../lib/gcc/arm-none-eabi/10.3.1/../../../../arm-none-eabi/lib\libg.a(lib_a-freer.o)

.debug_ranges   0x00000000       0x20
 .debug_ranges  0x00000000       0x20 src/CMakeFiles/imit_flame.elf.dir/CMSIS/Core/Startup/startup_stm32f103xb.s.obj
